[0mMicrosoft Windows [version 6.1.7601][0K[?25l
Copyright (c) 2009 Microsoft Corporation. Tous droits réservés.[0K
[0K
D:\Users\dinclaux\Documents\Labo\Données\Script\Heatmap>[0K[?25h^V[0K[?25lD:\Users\dinclaux\Documents\Labo\Données\Script\Heatmap>[0K[?25hgit remote add origin https://lisbp.fr/scm/dinclaux/Heatmap.git[0K]0;  - git  remote add origin https://lisbp.fr/scm/dinclaux/Heatmap.git[?25l
[0K[?25h]0; fatal: Not a git repository (or any of the parent directories): .git[0K[?25l
[0K
D:\Users\dinclaux\Documents\Labo\Données\Script\Heatmap>[0K[?25h^V[0K[?25lD:\Users\dinclaux\Documents\Labo\Données\Script\Heatmap>[0K[?25h]0;  - git  inittouch README.md[0K[?25l
'touch' n’est pas reconnu en tant que commande interne[0K
ou externe, un programme exécutable ou un fichier de commandes.[0K
[0K
D:\Users\dinclaux\Documents\Labo\Données\Script\Heatmap>git init[0K
[0K[?25h]0;  - git  add README.mdInitialized empty Git repository in D:/Users/dinclaux/Documents/Labo/Données/Script/Heatmap/.git/[0K[?25l
[0K
D:\Users\dinclaux\Documents\Labo\Données\Script\Heatmap>git add README.md[0K
[0K[?25h]0;  - git  commit -m "first commit"fatal: pathspec 'README.md' did not match any files[0K[?25l
[0K
D:\Users\dinclaux\Documents\Labo\Données\Script\Heatmap>git commit -m "first commit"[0K
[0K[?25h]0;  - git  remote add origin https://lisbp.fr/scm/dinclaux/Heatmap.gitOn branch master[0K[?25l
[0K
Initial commit[0K
[0K
Untracked files:[0K
        [0;31m.Rproj.user/[0m[0K
        [0;31mHeatmap plotly/[0m[0K
        [0;31mHeatmap.Rproj[0m[0K
        [0;31mHeatmap/[0m[0K
        [0;31mHeatmap2/[0m[0K
        [0;31mHeatmap3/[0m[0K
[0K
nothing added to commit but untracked files present[0K
[0K
D:\Users\dinclaux\Documents\Labo\Données\Script\Heatmap>git remote add origin https://lisbp.fr/scm/dinclaux/Heatmap.git[0K
[0K[?25h]0; [?25l
D:\Users\dinclaux\Documents\Labo\Données\Script\Heatmap>git push -u origin master[0K[?25h[?25lD:\Users\dinclaux\Documents\Labo\Données\Script\Heatmap>git remote add origin https://lisbp.fr/scm/dinclaux/Heatmap.git[0K[?25h[?25lD:\Users\dinclaux\Documents\Labo\Données\Script\Heatmap>git remote add origin https://lisbp.fr/scm/dinclaux/Heatmap.gi[0K[?25h[?25lD:\Users\dinclaux\Documents\Labo\Données\Script\Heatmap>git remote add origin https://lisbp.fr/scm/dinclaux/Heatmap.g[0K[?25h[?25lD:\Users\dinclaux\Documents\Labo\Données\Script\Heatmap>git remote add origin https://lisbp.fr/scm/dinclaux/Heatmap.[0K[?25h[?25lD:\Users\dinclaux\Documents\Labo\Données\Script\Heatmap>git remote add origin https://lisbp.fr/scm/dinclaux/Heatmap[0K[?25h[?25lD:\Users\dinclaux\Documents\Labo\Données\Script\Heatmap>git remote add origin https://lisbp.fr/scm/dinclaux/Heatma[0K[?25h[?25lD:\Users\dinclaux\Documents\Labo\Données\Script\Heatmap>git remote add origin https://lisbp.fr/scm/dinclaux/Heatm[0K[?25h[?25lD:\Users\dinclaux\Documents\Labo\Données\Script\Heatmap>git remote add origin https://lisbp.fr/scm/dinclaux/Heat[0K[?25h[?25lD:\Users\dinclaux\Documents\Labo\Données\Script\Heatmap>git remote add origin https://lisbp.fr/scm/dinclaux/Hea[0K[?25h[?25lD:\Users\dinclaux\Documents\Labo\Données\Script\Heatmap>git remote add origin https://lisbp.fr/scm/dinclaux/He[0K[?25h[?25lD:\Users\dinclaux\Documents\Labo\Données\Script\Heatmap>git remote add origin https://lisbp.fr/scm/dinclaux/H[0K[?25h[?25lD:\Users\dinclaux\Documents\Labo\Données\Script\Heatmap>git remote add origin https://lisbp.fr/scm/dinclaux/[0K[?25h[?25lD:\Users\dinclaux\Documents\Labo\Données\Script\Heatmap>git remote add origin https://lisbp.fr/scm/dinclaux[0K[?25h[?25lD:\Users\dinclaux\Documents\Labo\Données\Script\Heatmap>git remote add origin https://lisbp.fr/scm/dinclau[0K[?25h[?25lD:\Users\dinclaux\Documents\Labo\Données\Script\Heatmap>git remote add origin https://lisbp.fr/scm/dincl[0K[?25h[?25lD:\Users\dinclaux\Documents\Labo\Données\Script\Heatmap>git remote add origin https://lisbp.fr/scm/dinc[0K[?25h[?25lD:\Users\dinclaux\Documents\Labo\Données\Script\Heatmap>git remote add origin https://lisbp.fr/scm/din[0K[?25h[?25lD:\Users\dinclaux\Documents\Labo\Données\Script\Heatmap>git remote add origin https://lisbp.fr/scm/di[0K[?25h[?25lD:\Users\dinclaux\Documents\Labo\Données\Script\Heatmap>git remote add origin https://lisbp.fr/scm/d[0K[?25h[?25lD:\Users\dinclaux\Documents\Labo\Données\Script\Heatmap>git remote add origin https://lisbp.fr/scm/[0K[?25h[?25lD:\Users\dinclaux\Documents\Labo\Données\Script\Heatmap>git remote add origin https://lisbp.fr/scm[0K[?25h[?25lD:\Users\dinclaux\Documents\Labo\Données\Script\Heatmap>git remote add origin https://lisbp.fr/sc[0K[?25h[?25lD:\Users\dinclaux\Documents\Labo\Données\Script\Heatmap>git remote add origin https://lisbp.fr/s[0K[?25h[?25lD:\Users\dinclaux\Documents\Labo\Données\Script\Heatmap>git remote add origin https://lisbp.fr/[0K[?25h[?25lD:\Users\dinclaux\Documents\Labo\Données\Script\Heatmap>git remote add origin https://lisbp.fr[0K[?25h[?25lD:\Users\dinclaux\Documents\Labo\Données\Script\Heatmap>git remote add origin https://lisbp.f[0K[?25h[?25lD:\Users\dinclaux\Documents\Labo\Données\Script\Heatmap>git remote add origin https://lisbp.[0K[?25h[?25lD:\Users\dinclaux\Documents\Labo\Données\Script\Heatmap>git remote add origin https://lisb[0K[?25h[?25lD:\Users\dinclaux\Documents\Labo\Données\Script\Heatmap>git remote add origin https://lis[0K[?25h[?25lD:\Users\dinclaux\Documents\Labo\Données\Script\Heatmap>git remote add origin https://li[0K[?25h[?25lD:\Users\dinclaux\Documents\Labo\Données\Script\Heatmap>git remote add origin https://l[0K[?25h[?25lD:\Users\dinclaux\Documents\Labo\Données\Script\Heatmap>git remote add origin https://[0K[?25h[?25lD:\Users\dinclaux\Documents\Labo\Données\Script\Heatmap>git remote add origin https:/[0K[?25h[?25lD:\Users\dinclaux\Documents\Labo\Données\Script\Heatmap>git remote add origin https:[0K[?25h[?25lD:\Users\dinclaux\Documents\Labo\Données\Script\Heatmap>git remote add origin https[0K[?25h[?25lD:\Users\dinclaux\Documents\Labo\Données\Script\Heatmap>git remote add origin http[0K[?25h[?25lD:\Users\dinclaux\Documents\Labo\Données\Script\Heatmap>git remote add origin htt[0K[?25h[?25lD:\Users\dinclaux\Documents\Labo\Données\Script\Heatmap>git remote add origin ht[0K[?25h[?25lD:\Users\dinclaux\Documents\Labo\Données\Script\Heatmap>git remote add origin[0K[79G[?25h[78G[?25lD:\Users\dinclaux\Documents\Labo\Données\Script\Heatmap>git remote add origi[0K[?25h[?25lD:\Users\dinclaux\Documents\Labo\Données\Script\Heatmap>git remote add orig[0K[?25h[?25lD:\Users\dinclaux\Documents\Labo\Données\Script\Heatmap>git remote add or[0K[?25h[?25lD:\Users\dinclaux\Documents\Labo\Données\Script\Heatmap>git remote add o[0K[?25h[?25lD:\Users\dinclaux\Documents\Labo\Données\Script\Heatmap>git remote add[0K[?25h[?25lD:\Users\dinclaux\Documents\Labo\Données\Script\Heatmap>git remote ad[0K[?25h[?25lD:\Users\dinclaux\Documents\Labo\Données\Script\Heatmap>git remote a[0K[?25h[?25lD:\Users\dinclaux\Documents\Labo\Données\Script\Heatmap>git remote[0K[68G[?25h[67G[?25lD:\Users\dinclaux\Documents\Labo\Données\Script\Heatmap>git remo[0K[?25h[?25lD:\Users\dinclaux\Documents\Labo\Données\Script\Heatmap>git rem[0K[?25h[?25lD:\Users\dinclaux\Documents\Labo\Données\Script\Heatmap>git re[0K[?25h[?25lD:\Users\dinclaux\Documents\Labo\Données\Script\Heatmap>git r[0K[?25h[?25lD:\Users\dinclaux\Documents\Labo\Données\Script\Heatmap>git[0K[61G[?25h[60G[?25lD:\Users\dinclaux\Documents\Labo\Données\Script\Heatmap>gi[0K[?25h[?25lD:\Users\dinclaux\Documents\Labo\Données\Script\Heatmap>g[0K[?25h[?25lD:\Users\dinclaux\Documents\Labo\Données\Script\Heatmap>[0K[?25hgit push -u origin master[0K]0;  - git  push -u origin master[?25l
[0K[?25herror: src refspec master does not match any.[0K[?25l
error: failed to push some refs to 'https://lisbp.fr/scm/dinclaux/Heatmap.git'[0K
[0K[?25h]0; [?25l
D:\Users\dinclaux\Documents\Labo\Données\Script\Heatmap>[0K[?25hg[0Ki[0Kt[0K[61G[?25lD:\Users\dinclaux\Documents\Labo\Données\Script\Heatmap>git a[0K[?25hd[0Kd[0K[?25lD:\Users\dinclaux\Documents\Labo\Données\Script\Heatmap>git ad[0K[?25h[?25lD:\Users\dinclaux\Documents\Labo\Données\Script\Heatmap>git a[0K[?25h[?25lD:\Users\dinclaux\Documents\Labo\Données\Script\Heatmap>git[0K[61G[?25h[?25lD:\Users\dinclaux\Documents\Labo\Données\Script\Heatmap>git s[0K[?25ht[0Ka[0Kt[0Ku[0Kt[0K[?25lD:\Users\dinclaux\Documents\Labo\Données\Script\Heatmap>git statu[0K[?25hs[0K]0;  - git  status[?25l
[0K[?25h]0; On branch master[0K[?25l
[0K
No commits yet[0K
[0K
Untracked files:[0K
  (use "git add <file>..." to include in what will be committed)[0K
[0K
        [0;31m.Rproj.user/[0m[0K
        [0;31m.gitignore[0m[0K
        [0;31mHeatmap plotly/[0m[0K
        [0;31mHeatmap/[0m[0K
        [0;31mHeatmap2/[0m[0K
        [0;31mHeatmap3/[0m[0K
[0K
nothing added to commit but untracked files present (use "git add" to track)[0K
[0K
D:\Users\dinclaux\Documents\Labo\Données\Script\Heatmap>[0K[?25hg[0Ki[0Kt[0K[61G[?25lD:\Users\dinclaux\Documents\Labo\Données\Script\Heatmap>git a[0K[?25hd[0Kd[0K[65G[?25lD:\Users\dinclaux\Documents\Labo\Données\Script\Heatmap>git add .[0K[?25h]0;  - git  add .[?25l
[0K[?25h]0; [?25l
D:\Users\dinclaux\Documents\Labo\Données\Script\Heatmap>[0K[?25hg[0Ki[0Kt[0K[61G[?25lD:\Users\dinclaux\Documents\Labo\Données\Script\Heatmap>git c[0K[?25ho[0Km[0Km[0Ki[0Kt[0K]0;  - git  commit[?25l
[0K[?25hhint: Waiting for your editor to close the file...[0K[52G[?25l[57A[0K
[0K
[0K
[0K
[0K
[0K
[0K
[0K
[0K
[0K
[0K
[0K
[0K
[0K
[0K
[0K
[0K
[0K
[0K
[0K
[0K
[0K
[0K
[0K
[0K
[0K
[0K
[0K
[0K
[0K
[0K
[0K
[0K
[0K
[0K
[0K
[0K
[0K
[0K
[0K
[0K
[0K
[0K
[0K
[0K
[0K
[0K
[0K
[0K
[0K
[0K
[0K
[0K
[0K
[0K
[0K
[0K
[0K
[0K
"D:/Users/dinclaux/Documents/Labo/Données/Script/Heatmap/.git/COMMIT_EDITMSG" [converted][unix] 47L, 1637C[0K[?25h[?25l[59A[?25h[?25l
[0;36;96m# Please enter the commit message for your changes. Lines starting[0m[0K
[0;36;96m# with '#' will be ignored, and an empty message aborts the commit.[0m[0K
[0;36;96m#[0m[0K
[0;36;96m# [0;34;94mCommitter:[0;36;96m Mickael Dinclaux <dinclaux@insat.insa-toulouse.fr>[0m[0K
[0;36;96m#[0m[0K
[0;36;96m# On branch [0;31;91mmaster[0m[0K
[0;36;96m#[0m[0K
[0;36;96m# Initial commit[0m[0K
[0;36;96m#[0m[0K
[0;36;96m# [0;34;94mChanges to be committed:[0m[0K
[0;36;96m#       [0;32;92mnew file[0;36;96m: [0;35;95m  .Rproj.user/24D76CF1/console06/6128D5DE[0m[0K
[0;36;96m#       [0;32;92mnew file[0;36;96m: [0;35;95m  .Rproj.user/24D76CF1/console06/INDEX001[0m[0K
[0;36;96m#       [0;32;92mnew file[0;36;96m: [0;35;95m  .Rproj.user/24D76CF1/sources/s-D8D76F13/lock_file[0m[0K
[0;36;96m#       [0;32;92mnew file[0;36;96m: [0;35;95m  .Rproj.user/shared/notebooks/patch-chunk-names[0m[0K
[0;36;96m#       [0;32;92mnew file[0;36;96m: [0;35;95m  .gitignore[0m[0K
[0;36;96m#       [0;32;92mnew file[0;36;96m: [0;35;95m  Heatmap plotly/AAC20ULLog2.csv[0m[0K
[0;36;96m#       [0;32;92mnew file[0;36;96m: [0;35;95m  Heatmap plotly/CoA_propionyl.txt[0m[0K
[0;36;96m#       [0;32;92mnew file[0;36;96m: [0;35;95m  Heatmap plotly/Exemple.txt[0m[0K
[0;36;96m#       [0;32;92mnew file[0;36;96m: [0;35;95m  Heatmap plotly/Exemple.xlsx[0m[0K
[0;36;96m#       [0;32;92mnew file[0;36;96m: [0;35;95m  Heatmap plotly/Heatmap.html[0m[0K
[0;36;96m#       [0;32;92mnew file[0;36;96m: [0;35;95m  Heatmap plotly/Rplot.jpeg[0m[0K
[0;36;96m#       [0;32;92mnew file[0;36;96m: [0;35;95m  Heatmap plotly/heatmap.pdf[0m[0K
[0;36;96m#       [0;32;92mnew file[0;36;96m: [0;35;95m  Heatmap plotly/heatmaplotly.R[0m[0K
[0;36;96m#       [0;32;92mnew file[0;36;96m: [0;35;95m  Heatmap plotly/heatmaplotly.zip[0m[0K
[0;36;96m#       [0;32;92mnew file[0;36;96m: [0;35;95m  Heatmap plotly/test.png[0m[0K
[0;36;96m#       [0;32;92mnew file[0;36;96m: [0;35;95m  Heatmap plotly/tst.html[0m[0K
[0K
[0K
[0K
[0K
[0K
[0K
[0K
[0K
[0K
[0K
[0K
[0K
[0K
[0K
[0K
[0K
[0K
[0K
[0K
[0K
[0K
[0K
[0K
[0K
[0K
[0K
[0K
[0K
[0K
[0K
[0K
[0K
"D:/Users/dinclaux/Documents/Labo/Données/Script/Heatmap/.git/COMMIT_EDITMSG" [converted][unix] 47L, 1637C[0K[32A[?25h[0;36;96m#       [0;32;92mnew file[0;36;96m: [0;35;95m  Heatmap/ALLIP.txt[0m[0K[?25l
[0;36;96m#       [0;32;92mnew file[0;36;96m: [0;35;95m  Heatmap/Exemple.csv[0m[0K
[0;36;96m#       [0;32;92mnew file[0;36;96m: [0;35;95m  Heatmap/Script_heatmap.R[0m[0K
[0;36;96m#       [0;32;92mnew file[0;36;96m: [0;35;95m  Heatmap2/CoA_propionyl.txt[0m[0K
[0;36;96m#       [0;32;92mnew file[0;36;96m: [0;35;95m  Heatmap2/Exemple.csv[0m[0K
[0;36;96m#       [0;32;92mnew file[0;36;96m: [0;35;95m  Heatmap2/Heatmap2.R[0m[0K
[0;36;96m#       [0;32;92mnew file[0;36;96m: [0;35;95m  Heatmap2/M9.txt[0m[0K
[0;36;96m#       [0;32;92mnew file[0;36;96m: [0;35;95m  Heatmap2/M9iso.txt[0m[0K
[0;36;96m#       [0;32;92mnew file[0;36;96m: [0;35;95m  Heatmap2/M9isopro.txt[0m[0K
[0;36;96m#       [0;32;92mnew file[0;36;96m: [0;35;95m  Heatmap2/M9tot.txt[0m[0K
[0;36;96m#       [0;32;92mnew file[0;36;96m: [0;35;95m  Heatmap2/Papier_BCAA.R[0m[0K
[0;36;96m#       [0;32;92mnew file[0;36;96m: [0;35;95m  Heatmap2/Rplot.pdf[0m[0K
[0;36;96m#       [0;32;92mnew file[0;36;96m: [0;35;95m  Heatmap2/file.pdf[0m[0K
[0;36;96m#       [0;32;92mnew file[0;36;96m: [0;35;95m  Heatmap2/heatmap.pdf[0m[0K
[0;36;96m#       [0;32;92mnew file[0;36;96m: [0;35;95m  Heatmap3/Exemple.csv[0m[0K
[0;36;96m#       [0;32;92mnew file[0;36;96m: [0;35;95m  Heatmap3/Heatmap3.R[0m[0K
[0;36;96m#[0m[0K
[0;36;96m# [0;34;94mChanges not staged for commit:[0m[0K
[0;36;96m#       [0;32;92mmodified[0;36;96m: [0;35;95m  .Rproj.user/24D76CF1/console06/6128D5DE[0m[0K
[0;36;96m#[0m[0K
[0;34;94m~[0K
~[0K
~[0K
~[0K
~[0K
~[0K
~[0K
~[0K
~[0K
~[0K
~[0K
[0;7m~/Documents/Labo/Données/Script/Heatmap/.git/COMMIT_EDITMSG [unix] (14:21 12/04/2018)                               1,0-1 All[0m[0K
"D:/Users/dinclaux/Documents/Labo/Données/Script/Heatmap/.git/COMMIT_EDITMSG" [converted][unix] 47L, 1637C[0K[59A[?25h[?25l

























































[0;7m~/Documents/Labo/Données/Script/Heatmap/.git/COMMIT_EDITMSG [unix] (14:21 12/04/2018)                               1  1, All[0m[0K
[0;1m-- INSERT --[0m[0K[59A[?25h[0;33;93mn[0m[0K[?25l
[0;36;96m# Please enter the commit message for your changes. Lines starting[0m[0K
[0;36;96m# with '#' will be ignored, and an empty message aborts the commit.[0m[0K
[0;36;96m#[0m[0K
[0;36;96m# [0;34;94mCommitter:[0;36;96m Mickael Dinclaux <dinclaux@insat.insa-toulouse.fr>[0m[0K
[0;36;96m#[0m[0K
[0;36;96m# On branch [0;31;91mmaster[0m[0K
[0;36;96m#[0m[0K
[0;36;96m# Initial commit[0m[0K
[0;36;96m#[0m[0K
[0;36;96m# [0;34;94mChanges to be committed:[0m[0K
[0;36;96m#       [0;32;92mnew file[0;36;96m: [0;35;95m  .Rproj.user/24D76CF1/console06/6128D5DE[0m[0K
[0;36;96m#       [0;32;92mnew file[0;36;96m: [0;35;95m  .Rproj.user/24D76CF1/console06/INDEX001[0m[0K
[0;36;96m#       [0;32;92mnew file[0;36;96m: [0;35;95m  .Rproj.user/24D76CF1/sources/s-D8D76F13/lock_file[0m[0K
[0;36;96m#       [0;32;92mnew file[0;36;96m: [0;35;95m  .Rproj.user/shared/notebooks/patch-chunk-names[0m[0K
[0;36;96m#       [0;32;92mnew file[0;36;96m: [0;35;95m  .gitignore[0m[0K
[0;36;96m#       [0;32;92mnew file[0;36;96m: [0;35;95m  Heatmap plotly/AAC20ULLog2.csv[0m[0K
[0;36;96m#       [0;32;92mnew file[0;36;96m: [0;35;95m  Heatmap plotly/CoA_propionyl.txt[0m[0K
[0;36;96m#       [0;32;92mnew file[0;36;96m: [0;35;95m  Heatmap plotly/Exemple.txt[0m[0K
[0;36;96m#       [0;32;92mnew file[0;36;96m: [0;35;95m  Heatmap plotly/Exemple.xlsx[0m[0K
[0;36;96m#       [0;32;92mnew file[0;36;96m: [0;35;95m  Heatmap plotly/Heatmap.html[0m[0K
[0;36;96m#       [0;32;92mnew file[0;36;96m: [0;35;95m  Heatmap plotly/Rplot.jpeg[0m[0K
[0;36;96m#       [0;32;92mnew file[0;36;96m: [0;35;95m  Heatmap plotly/heatmap.pdf[0m[0K
[0;36;96m#       [0;32;92mnew file[0;36;96m: [0;35;95m  Heatmap plotly/heatmaplotly.R[0m[0K
[0;36;96m#       [0;32;92mnew file[0;36;96m: [0;35;95m  Heatmap plotly/heatmaplotly.zip[0m[0K
[0;36;96m#       [0;32;92mnew file[0;36;96m: [0;35;95m  Heatmap plotly/test.png[0m[0K
[0;36;96m#       [0;32;92mnew file[0;36;96m: [0;35;95m  Heatmap plotly/tst.html[0m[0K
[0;36;96m#       [0;32;92mnew file[0;36;96m: [0;35;95m  Heatmap/ALLIP.txt[0m[0K
[0;36;96m#       [0;32;92mnew file[0;36;96m: [0;35;95m  Heatmap/Exemple.csv[0m[0K
[0;36;96m#       [0;32;92mnew file[0;36;96m: [0;35;95m  Heatmap/Script_heatmap.R[0m[0K
[0;36;96m#       [0;32;92mnew file[0;36;96m: [0;35;95m  Heatmap2/CoA_propionyl.txt[0m[0K
[0;36;96m#       [0;32;92mnew file[0;36;96m: [0;35;95m  Heatmap2/Exemple.csv[0m[0K
[0;36;96m#       [0;32;92mnew file[0;36;96m: [0;35;95m  Heatmap2/Heatmap2.R[0m[0K
[0;36;96m#       [0;32;92mnew file[0;36;96m: [0;35;95m  Heatmap2/M9.txt[0m[0K
[0;36;96m#       [0;32;92mnew file[0;36;96m: [0;35;95m  Heatmap2/M9iso.txt[0m[0K
[0;36;96m#       [0;32;92mnew file[0;36;96m: [0;35;95m  Heatmap2/M9isopro.txt[0m[0K
[0;36;96m#       [0;32;92mnew file[0;36;96m: [0;35;95m  Heatmap2/M9tot.txt[0m[0K
[0;36;96m#       [0;32;92mnew file[0;36;96m: [0;35;95m  Heatmap2/Papier_BCAA.R[0m[0K
[0;36;96m#       [0;32;92mnew file[0;36;96m: [0;35;95m  Heatmap2/Rplot.pdf[0m[0K
[0;36;96m#       [0;32;92mnew file[0;36;96m: [0;35;95m  Heatmap2/file.pdf[0m[0K
[0;36;96m#       [0;32;92mnew file[0;36;96m: [0;35;95m  Heatmap2/heatmap.pdf[0m[0K
[0;36;96m#       [0;32;92mnew file[0;36;96m: [0;35;95m  Heatmap3/Exemple.csv[0m[0K
[0;36;96m#       [0;32;92mnew file[0;36;96m: [0;35;95m  Heatmap3/Heatmap3.R[0m[0K
[0;36;96m#[0m[0K
[0;36;96m# [0;34;94mChanges not staged for commit:[0m[0K
[0;36;96m#       [0;32;92mmodified[0;36;96m: [0;35;95m  .Rproj.user/24D76CF1/console06/6128D5DE[0m[0K
[0;36;96m#[0m[0K
[0;34;94m~[0K
~[0K
~[0K
~[0K
~[0K
~[0K
~[0K
~[0K
~[0K
~[0K
~[0K
[0;7m~/Documents/Labo/Données/Script/Heatmap/.git/COMMIT_EDITMSG [+] [unix] (14:21 12/04/2018)                           1  1,2All[0m[0K
[0;1m-- INSERT --[0m[0K[59A[2G[?25h[?25l[0;33;93mni[0m[0K
[0;36;96m# Please enter the commit message for your changes. Lines starting[0m[0K
[0;36;96m# with '#' will be ignored, and an empty message aborts the commit.[0m[0K
[0;36;96m#[0m[0K
[0;36;96m# [0;34;94mCommitter:[0;36;96m Mickael Dinclaux <dinclaux@insat.insa-toulouse.fr>[0m[0K
[0;36;96m#[0m[0K
[0;36;96m# On branch [0;31;91mmaster[0m[0K
[0;36;96m#[0m[0K
[0;36;96m# Initial commit[0m[0K
[0;36;96m#[0m[0K
[0;36;96m# [0;34;94mChanges to be committed:[0m[0K
[0;36;96m#       [0;32;92mnew file[0;36;96m: [0;35;95m  .Rproj.user/24D76CF1/console06/6128D5DE[0m[0K
[0;36;96m#       [0;32;92mnew file[0;36;96m: [0;35;95m  .Rproj.user/24D76CF1/console06/INDEX001[0m[0K
[0;36;96m#       [0;32;92mnew file[0;36;96m: [0;35;95m  .Rproj.user/24D76CF1/sources/s-D8D76F13/lock_file[0m[0K
[0;36;96m#       [0;32;92mnew file[0;36;96m: [0;35;95m  .Rproj.user/shared/notebooks/patch-chunk-names[0m[0K
[0;36;96m#       [0;32;92mnew file[0;36;96m: [0;35;95m  .gitignore[0m[0K
[0;36;96m#       [0;32;92mnew file[0;36;96m: [0;35;95m  Heatmap plotly/AAC20ULLog2.csv[0m[0K
[0;36;96m#       [0;32;92mnew file[0;36;96m: [0;35;95m  Heatmap plotly/CoA_propionyl.txt[0m[0K
[0;36;96m#       [0;32;92mnew file[0;36;96m: [0;35;95m  Heatmap plotly/Exemple.txt[0m[0K
[0;36;96m#       [0;32;92mnew file[0;36;96m: [0;35;95m  Heatmap plotly/Exemple.xlsx[0m[0K
[0;36;96m#       [0;32;92mnew file[0;36;96m: [0;35;95m  Heatmap plotly/Heatmap.html[0m[0K
[0;36;96m#       [0;32;92mnew file[0;36;96m: [0;35;95m  Heatmap plotly/Rplot.jpeg[0m[0K
[0;36;96m#       [0;32;92mnew file[0;36;96m: [0;35;95m  Heatmap plotly/heatmap.pdf[0m[0K
[0;36;96m#       [0;32;92mnew file[0;36;96m: [0;35;95m  Heatmap plotly/heatmaplotly.R[0m[0K
[0;36;96m#       [0;32;92mnew file[0;36;96m: [0;35;95m  Heatmap plotly/heatmaplotly.zip[0m[0K
[0;36;96m#       [0;32;92mnew file[0;36;96m: [0;35;95m  Heatmap plotly/test.png[0m[0K
[0;36;96m#       [0;32;92mnew file[0;36;96m: [0;35;95m  Heatmap plotly/tst.html[0m[0K
[0;36;96m#       [0;32;92mnew file[0;36;96m: [0;35;95m  Heatmap/ALLIP.txt[0m[0K
[0;36;96m#       [0;32;92mnew file[0;36;96m: [0;35;95m  Heatmap/Exemple.csv[0m[0K
[0;36;96m#       [0;32;92mnew file[0;36;96m: [0;35;95m  Heatmap/Script_heatmap.R[0m[0K
[0;36;96m#       [0;32;92mnew file[0;36;96m: [0;35;95m  Heatmap2/CoA_propionyl.txt[0m[0K
[0;36;96m#       [0;32;92mnew file[0;36;96m: [0;35;95m  Heatmap2/Exemple.csv[0m[0K
[0;36;96m#       [0;32;92mnew file[0;36;96m: [0;35;95m  Heatmap2/Heatmap2.R[0m[0K
[0;36;96m#       [0;32;92mnew file[0;36;96m: [0;35;95m  Heatmap2/M9.txt[0m[0K
[0;36;96m#       [0;32;92mnew file[0;36;96m: [0;35;95m  Heatmap2/M9iso.txt[0m[0K
[0;36;96m#       [0;32;92mnew file[0;36;96m: [0;35;95m  Heatmap2/M9isopro.txt[0m[0K
[0;36;96m#       [0;32;92mnew file[0;36;96m: [0;35;95m  Heatmap2/M9tot.txt[0m[0K
[0;36;96m#       [0;32;92mnew file[0;36;96m: [0;35;95m  Heatmap2/Papier_BCAA.R[0m[0K
[0;36;96m#       [0;32;92mnew file[0;36;96m: [0;35;95m  Heatmap2/Rplot.pdf[0m[0K
[0;36;96m#       [0;32;92mnew file[0;36;96m: [0;35;95m  Heatmap2/file.pdf[0m[0K
[0;36;96m#       [0;32;92mnew file[0;36;96m: [0;35;95m  Heatmap2/heatmap.pdf[0m[0K
[0;36;96m#       [0;32;92mnew file[0;36;96m: [0;35;95m  Heatmap3/Exemple.csv[0m[0K
[0;36;96m#       [0;32;92mnew file[0;36;96m: [0;35;95m  Heatmap3/Heatmap3.R[0m[0K
[0;36;96m#[0m[0K
[0;36;96m# [0;34;94mChanges not staged for commit:[0m[0K
[0;36;96m#       [0;32;92mmodified[0;36;96m: [0;35;95m  .Rproj.user/24D76CF1/console06/6128D5DE[0m[0K
[0;36;96m#[0m[0K
[0;34;94m~[0K
~[0K
~[0K
~[0K
~[0K
~[0K
~[0K
~[0K
~[0K
~[0K
~[0K
[0;7m~/Documents/Labo/Données/Script/Heatmap/.git/COMMIT_EDITMSG [+] [unix] (14:21 12/04/2018)                           1  1,3All[0m[0K
[0;1m-- INSERT --[0m[0K[59A[3G[?25h[?25l[0;33;93mn[0m[0K
[0;36;96m# Please enter the commit message for your changes. Lines starting[0m[0K
[0;36;96m# with '#' will be ignored, and an empty message aborts the commit.[0m[0K
[0;36;96m#[0m[0K
[0;36;96m# [0;34;94mCommitter:[0;36;96m Mickael Dinclaux <dinclaux@insat.insa-toulouse.fr>[0m[0K
[0;36;96m#[0m[0K
[0;36;96m# On branch [0;31;91mmaster[0m[0K
[0;36;96m#[0m[0K
[0;36;96m# Initial commit[0m[0K
[0;36;96m#[0m[0K
[0;36;96m# [0;34;94mChanges to be committed:[0m[0K
[0;36;96m#       [0;32;92mnew file[0;36;96m: [0;35;95m  .Rproj.user/24D76CF1/console06/6128D5DE[0m[0K
[0;36;96m#       [0;32;92mnew file[0;36;96m: [0;35;95m  .Rproj.user/24D76CF1/console06/INDEX001[0m[0K
[0;36;96m#       [0;32;92mnew file[0;36;96m: [0;35;95m  .Rproj.user/24D76CF1/sources/s-D8D76F13/lock_file[0m[0K
[0;36;96m#       [0;32;92mnew file[0;36;96m: [0;35;95m  .Rproj.user/shared/notebooks/patch-chunk-names[0m[0K
[0;36;96m#       [0;32;92mnew file[0;36;96m: [0;35;95m  .gitignore[0m[0K
[0;36;96m#       [0;32;92mnew file[0;36;96m: [0;35;95m  Heatmap plotly/AAC20ULLog2.csv[0m[0K
[0;36;96m#       [0;32;92mnew file[0;36;96m: [0;35;95m  Heatmap plotly/CoA_propionyl.txt[0m[0K
[0;36;96m#       [0;32;92mnew file[0;36;96m: [0;35;95m  Heatmap plotly/Exemple.txt[0m[0K
[0;36;96m#       [0;32;92mnew file[0;36;96m: [0;35;95m  Heatmap plotly/Exemple.xlsx[0m[0K
[0;36;96m#       [0;32;92mnew file[0;36;96m: [0;35;95m  Heatmap plotly/Heatmap.html[0m[0K
[0;36;96m#       [0;32;92mnew file[0;36;96m: [0;35;95m  Heatmap plotly/Rplot.jpeg[0m[0K
[0;36;96m#       [0;32;92mnew file[0;36;96m: [0;35;95m  Heatmap plotly/heatmap.pdf[0m[0K
[0;36;96m#       [0;32;92mnew file[0;36;96m: [0;35;95m  Heatmap plotly/heatmaplotly.R[0m[0K
[0;36;96m#       [0;32;92mnew file[0;36;96m: [0;35;95m  Heatmap plotly/heatmaplotly.zip[0m[0K
[0;36;96m#       [0;32;92mnew file[0;36;96m: [0;35;95m  Heatmap plotly/test.png[0m[0K
[0;36;96m#       [0;32;92mnew file[0;36;96m: [0;35;95m  Heatmap plotly/tst.html[0m[0K
[0;36;96m#       [0;32;92mnew file[0;36;96m: [0;35;95m  Heatmap/ALLIP.txt[0m[0K
[0;36;96m#       [0;32;92mnew file[0;36;96m: [0;35;95m  Heatmap/Exemple.csv[0m[0K
[0;36;96m#       [0;32;92mnew file[0;36;96m: [0;35;95m  Heatmap/Script_heatmap.R[0m[0K
[0;36;96m#       [0;32;92mnew file[0;36;96m: [0;35;95m  Heatmap2/CoA_propionyl.txt[0m[0K
[0;36;96m#       [0;32;92mnew file[0;36;96m: [0;35;95m  Heatmap2/Exemple.csv[0m[0K
[0;36;96m#       [0;32;92mnew file[0;36;96m: [0;35;95m  Heatmap2/Heatmap2.R[0m[0K
[0;36;96m#       [0;32;92mnew file[0;36;96m: [0;35;95m  Heatmap2/M9.txt[0m[0K
[0;36;96m#       [0;32;92mnew file[0;36;96m: [0;35;95m  Heatmap2/M9iso.txt[0m[0K
[0;36;96m#       [0;32;92mnew file[0;36;96m: [0;35;95m  Heatmap2/M9isopro.txt[0m[0K
[0;36;96m#       [0;32;92mnew file[0;36;96m: [0;35;95m  Heatmap2/M9tot.txt[0m[0K
[0;36;96m#       [0;32;92mnew file[0;36;96m: [0;35;95m  Heatmap2/Papier_BCAA.R[0m[0K
[0;36;96m#       [0;32;92mnew file[0;36;96m: [0;35;95m  Heatmap2/Rplot.pdf[0m[0K
[0;36;96m#       [0;32;92mnew file[0;36;96m: [0;35;95m  Heatmap2/file.pdf[0m[0K
[0;36;96m#       [0;32;92mnew file[0;36;96m: [0;35;95m  Heatmap2/heatmap.pdf[0m[0K
[0;36;96m#       [0;32;92mnew file[0;36;96m: [0;35;95m  Heatmap3/Exemple.csv[0m[0K
[0;36;96m#       [0;32;92mnew file[0;36;96m: [0;35;95m  Heatmap3/Heatmap3.R[0m[0K
[0;36;96m#[0m[0K
[0;36;96m# [0;34;94mChanges not staged for commit:[0m[0K
[0;36;96m#       [0;32;92mmodified[0;36;96m: [0;35;95m  .Rproj.user/24D76CF1/console06/6128D5DE[0m[0K
[0;36;96m#[0m[0K
[0;34;94m~[0K
~[0K
~[0K
~[0K
~[0K
~[0K
~[0K
~[0K
~[0K
~[0K
~[0K
[0;7m~/Documents/Labo/Données/Script/Heatmap/.git/COMMIT_EDITMSG [+] [unix] (14:21 12/04/2018)                           1  1,2All[0m[0K
[0;1m-- INSERT --[0m[0K[59A[2G[?25h[?25l[0K
[0;36;96m# Please enter the commit message for your changes. Lines starting[0m[0K
[0;36;96m# with '#' will be ignored, and an empty message aborts the commit.[0m[0K
[0;36;96m#[0m[0K
[0;36;96m# [0;34;94mCommitter:[0;36;96m Mickael Dinclaux <dinclaux@insat.insa-toulouse.fr>[0m[0K
[0;36;96m#[0m[0K
[0;36;96m# On branch [0;31;91mmaster[0m[0K
[0;36;96m#[0m[0K
[0;36;96m# Initial commit[0m[0K
[0;36;96m#[0m[0K
[0;36;96m# [0;34;94mChanges to be committed:[0m[0K
[0;36;96m#       [0;32;92mnew file[0;36;96m: [0;35;95m  .Rproj.user/24D76CF1/console06/6128D5DE[0m[0K
[0;36;96m#       [0;32;92mnew file[0;36;96m: [0;35;95m  .Rproj.user/24D76CF1/console06/INDEX001[0m[0K
[0;36;96m#       [0;32;92mnew file[0;36;96m: [0;35;95m  .Rproj.user/24D76CF1/sources/s-D8D76F13/lock_file[0m[0K
[0;36;96m#       [0;32;92mnew file[0;36;96m: [0;35;95m  .Rproj.user/shared/notebooks/patch-chunk-names[0m[0K
[0;36;96m#       [0;32;92mnew file[0;36;96m: [0;35;95m  .gitignore[0m[0K
[0;36;96m#       [0;32;92mnew file[0;36;96m: [0;35;95m  Heatmap plotly/AAC20ULLog2.csv[0m[0K
[0;36;96m#       [0;32;92mnew file[0;36;96m: [0;35;95m  Heatmap plotly/CoA_propionyl.txt[0m[0K
[0;36;96m#       [0;32;92mnew file[0;36;96m: [0;35;95m  Heatmap plotly/Exemple.txt[0m[0K
[0;36;96m#       [0;32;92mnew file[0;36;96m: [0;35;95m  Heatmap plotly/Exemple.xlsx[0m[0K
[0;36;96m#       [0;32;92mnew file[0;36;96m: [0;35;95m  Heatmap plotly/Heatmap.html[0m[0K
[0;36;96m#       [0;32;92mnew file[0;36;96m: [0;35;95m  Heatmap plotly/Rplot.jpeg[0m[0K
[0;36;96m#       [0;32;92mnew file[0;36;96m: [0;35;95m  Heatmap plotly/heatmap.pdf[0m[0K
[0;36;96m#       [0;32;92mnew file[0;36;96m: [0;35;95m  Heatmap plotly/heatmaplotly.R[0m[0K
[0;36;96m#       [0;32;92mnew file[0;36;96m: [0;35;95m  Heatmap plotly/heatmaplotly.zip[0m[0K
[0;36;96m#       [0;32;92mnew file[0;36;96m: [0;35;95m  Heatmap plotly/test.png[0m[0K
[0;36;96m#       [0;32;92mnew file[0;36;96m: [0;35;95m  Heatmap plotly/tst.html[0m[0K
[0;36;96m#       [0;32;92mnew file[0;36;96m: [0;35;95m  Heatmap/ALLIP.txt[0m[0K
[0;36;96m#       [0;32;92mnew file[0;36;96m: [0;35;95m  Heatmap/Exemple.csv[0m[0K
[0;36;96m#       [0;32;92mnew file[0;36;96m: [0;35;95m  Heatmap/Script_heatmap.R[0m[0K
[0;36;96m#       [0;32;92mnew file[0;36;96m: [0;35;95m  Heatmap2/CoA_propionyl.txt[0m[0K
[0;36;96m#       [0;32;92mnew file[0;36;96m: [0;35;95m  Heatmap2/Exemple.csv[0m[0K
[0;36;96m#       [0;32;92mnew file[0;36;96m: [0;35;95m  Heatmap2/Heatmap2.R[0m[0K
[0;36;96m#       [0;32;92mnew file[0;36;96m: [0;35;95m  Heatmap2/M9.txt[0m[0K
[0;36;96m#       [0;32;92mnew file[0;36;96m: [0;35;95m  Heatmap2/M9iso.txt[0m[0K
[0;36;96m#       [0;32;92mnew file[0;36;96m: [0;35;95m  Heatmap2/M9isopro.txt[0m[0K
[0;36;96m#       [0;32;92mnew file[0;36;96m: [0;35;95m  Heatmap2/M9tot.txt[0m[0K
[0;36;96m#       [0;32;92mnew file[0;36;96m: [0;35;95m  Heatmap2/Papier_BCAA.R[0m[0K
[0;36;96m#       [0;32;92mnew file[0;36;96m: [0;35;95m  Heatmap2/Rplot.pdf[0m[0K
[0;36;96m#       [0;32;92mnew file[0;36;96m: [0;35;95m  Heatmap2/file.pdf[0m[0K
[0;36;96m#       [0;32;92mnew file[0;36;96m: [0;35;95m  Heatmap2/heatmap.pdf[0m[0K
[0;36;96m#       [0;32;92mnew file[0;36;96m: [0;35;95m  Heatmap3/Exemple.csv[0m[0K
[0;36;96m#       [0;32;92mnew file[0;36;96m: [0;35;95m  Heatmap3/Heatmap3.R[0m[0K
[0;36;96m#[0m[0K
[0;36;96m# [0;34;94mChanges not staged for commit:[0m[0K
[0;36;96m#       [0;32;92mmodified[0;36;96m: [0;35;95m  .Rproj.user/24D76CF1/console06/6128D5DE[0m[0K
[0;36;96m#[0m[0K
[0;34;94m~[0K
~[0K
~[0K
~[0K
~[0K
~[0K
~[0K
~[0K
~[0K
~[0K
~[0K
[0;7m~/Documents/Labo/Données/Script/Heatmap/.git/COMMIT_EDITMSG [+] [unix] (14:21 12/04/2018)                           1  1,1All[0m[0K
[0;1m-- INSERT --[0m[0K[59A[?25h[0;33;93mI[0m[0K[?25l
[0;36;96m# Please enter the commit message for your changes. Lines starting[0m[0K
[0;36;96m# with '#' will be ignored, and an empty message aborts the commit.[0m[0K
[0;36;96m#[0m[0K
[0;36;96m# [0;34;94mCommitter:[0;36;96m Mickael Dinclaux <dinclaux@insat.insa-toulouse.fr>[0m[0K
[0;36;96m#[0m[0K
[0;36;96m# On branch [0;31;91mmaster[0m[0K
[0;36;96m#[0m[0K
[0;36;96m# Initial commit[0m[0K
[0;36;96m#[0m[0K
[0;36;96m# [0;34;94mChanges to be committed:[0m[0K
[0;36;96m#       [0;32;92mnew file[0;36;96m: [0;35;95m  .Rproj.user/24D76CF1/console06/6128D5DE[0m[0K
[0;36;96m#       [0;32;92mnew file[0;36;96m: [0;35;95m  .Rproj.user/24D76CF1/console06/INDEX001[0m[0K
[0;36;96m#       [0;32;92mnew file[0;36;96m: [0;35;95m  .Rproj.user/24D76CF1/sources/s-D8D76F13/lock_file[0m[0K
[0;36;96m#       [0;32;92mnew file[0;36;96m: [0;35;95m  .Rproj.user/shared/notebooks/patch-chunk-names[0m[0K
[0;36;96m#       [0;32;92mnew file[0;36;96m: [0;35;95m  .gitignore[0m[0K
[0;36;96m#       [0;32;92mnew file[0;36;96m: [0;35;95m  Heatmap plotly/AAC20ULLog2.csv[0m[0K
[0;36;96m#       [0;32;92mnew file[0;36;96m: [0;35;95m  Heatmap plotly/CoA_propionyl.txt[0m[0K
[0;36;96m#       [0;32;92mnew file[0;36;96m: [0;35;95m  Heatmap plotly/Exemple.txt[0m[0K
[0;36;96m#       [0;32;92mnew file[0;36;96m: [0;35;95m  Heatmap plotly/Exemple.xlsx[0m[0K
[0;36;96m#       [0;32;92mnew file[0;36;96m: [0;35;95m  Heatmap plotly/Heatmap.html[0m[0K
[0;36;96m#       [0;32;92mnew file[0;36;96m: [0;35;95m  Heatmap plotly/Rplot.jpeg[0m[0K
[0;36;96m#       [0;32;92mnew file[0;36;96m: [0;35;95m  Heatmap plotly/heatmap.pdf[0m[0K
[0;36;96m#       [0;32;92mnew file[0;36;96m: [0;35;95m  Heatmap plotly/heatmaplotly.R[0m[0K
[0;36;96m#       [0;32;92mnew file[0;36;96m: [0;35;95m  Heatmap plotly/heatmaplotly.zip[0m[0K
[0;36;96m#       [0;32;92mnew file[0;36;96m: [0;35;95m  Heatmap plotly/test.png[0m[0K
[0;36;96m#       [0;32;92mnew file[0;36;96m: [0;35;95m  Heatmap plotly/tst.html[0m[0K
[0;36;96m#       [0;32;92mnew file[0;36;96m: [0;35;95m  Heatmap/ALLIP.txt[0m[0K
[0;36;96m#       [0;32;92mnew file[0;36;96m: [0;35;95m  Heatmap/Exemple.csv[0m[0K
[0;36;96m#       [0;32;92mnew file[0;36;96m: [0;35;95m  Heatmap/Script_heatmap.R[0m[0K
[0;36;96m#       [0;32;92mnew file[0;36;96m: [0;35;95m  Heatmap2/CoA_propionyl.txt[0m[0K
[0;36;96m#       [0;32;92mnew file[0;36;96m: [0;35;95m  Heatmap2/Exemple.csv[0m[0K
[0;36;96m#       [0;32;92mnew file[0;36;96m: [0;35;95m  Heatmap2/Heatmap2.R[0m[0K
[0;36;96m#       [0;32;92mnew file[0;36;96m: [0;35;95m  Heatmap2/M9.txt[0m[0K
[0;36;96m#       [0;32;92mnew file[0;36;96m: [0;35;95m  Heatmap2/M9iso.txt[0m[0K
[0;36;96m#       [0;32;92mnew file[0;36;96m: [0;35;95m  Heatmap2/M9isopro.txt[0m[0K
[0;36;96m#       [0;32;92mnew file[0;36;96m: [0;35;95m  Heatmap2/M9tot.txt[0m[0K
[0;36;96m#       [0;32;92mnew file[0;36;96m: [0;35;95m  Heatmap2/Papier_BCAA.R[0m[0K
[0;36;96m#       [0;32;92mnew file[0;36;96m: [0;35;95m  Heatmap2/Rplot.pdf[0m[0K
[0;36;96m#       [0;32;92mnew file[0;36;96m: [0;35;95m  Heatmap2/file.pdf[0m[0K
[0;36;96m#       [0;32;92mnew file[0;36;96m: [0;35;95m  Heatmap2/heatmap.pdf[0m[0K
[0;36;96m#       [0;32;92mnew file[0;36;96m: [0;35;95m  Heatmap3/Exemple.csv[0m[0K
[0;36;96m#       [0;32;92mnew file[0;36;96m: [0;35;95m  Heatmap3/Heatmap3.R[0m[0K
[0;36;96m#[0m[0K
[0;36;96m# [0;34;94mChanges not staged for commit:[0m[0K
[0;36;96m#       [0;32;92mmodified[0;36;96m: [0;35;95m  .Rproj.user/24D76CF1/console06/6128D5DE[0m[0K
[0;36;96m#[0m[0K
[0;34;94m~[0K
~[0K
~[0K
~[0K
~[0K
~[0K
~[0K
~[0K
~[0K
~[0K
~[0K
[0;7m~/Documents/Labo/Données/Script/Heatmap/.git/COMMIT_EDITMSG [+] [unix] (14:21 12/04/2018)                           1  1,2All[0m[0K
[0;1m-- INSERT --[0m[0K[59A[2G[?25h[?25l[0;33;93mIn[0m[0K
[0;36;96m# Please enter the commit message for your changes. Lines starting[0m[0K
[0;36;96m# with '#' will be ignored, and an empty message aborts the commit.[0m[0K
[0;36;96m#[0m[0K
[0;36;96m# [0;34;94mCommitter:[0;36;96m Mickael Dinclaux <dinclaux@insat.insa-toulouse.fr>[0m[0K
[0;36;96m#[0m[0K
[0;36;96m# On branch [0;31;91mmaster[0m[0K
[0;36;96m#[0m[0K
[0;36;96m# Initial commit[0m[0K
[0;36;96m#[0m[0K
[0;36;96m# [0;34;94mChanges to be committed:[0m[0K
[0;36;96m#       [0;32;92mnew file[0;36;96m: [0;35;95m  .Rproj.user/24D76CF1/console06/6128D5DE[0m[0K
[0;36;96m#       [0;32;92mnew file[0;36;96m: [0;35;95m  .Rproj.user/24D76CF1/console06/INDEX001[0m[0K
[0;36;96m#       [0;32;92mnew file[0;36;96m: [0;35;95m  .Rproj.user/24D76CF1/sources/s-D8D76F13/lock_file[0m[0K
[0;36;96m#       [0;32;92mnew file[0;36;96m: [0;35;95m  .Rproj.user/shared/notebooks/patch-chunk-names[0m[0K
[0;36;96m#       [0;32;92mnew file[0;36;96m: [0;35;95m  .gitignore[0m[0K
[0;36;96m#       [0;32;92mnew file[0;36;96m: [0;35;95m  Heatmap plotly/AAC20ULLog2.csv[0m[0K
[0;36;96m#       [0;32;92mnew file[0;36;96m: [0;35;95m  Heatmap plotly/CoA_propionyl.txt[0m[0K
[0;36;96m#       [0;32;92mnew file[0;36;96m: [0;35;95m  Heatmap plotly/Exemple.txt[0m[0K
[0;36;96m#       [0;32;92mnew file[0;36;96m: [0;35;95m  Heatmap plotly/Exemple.xlsx[0m[0K
[0;36;96m#       [0;32;92mnew file[0;36;96m: [0;35;95m  Heatmap plotly/Heatmap.html[0m[0K
[0;36;96m#       [0;32;92mnew file[0;36;96m: [0;35;95m  Heatmap plotly/Rplot.jpeg[0m[0K
[0;36;96m#       [0;32;92mnew file[0;36;96m: [0;35;95m  Heatmap plotly/heatmap.pdf[0m[0K
[0;36;96m#       [0;32;92mnew file[0;36;96m: [0;35;95m  Heatmap plotly/heatmaplotly.R[0m[0K
[0;36;96m#       [0;32;92mnew file[0;36;96m: [0;35;95m  Heatmap plotly/heatmaplotly.zip[0m[0K
[0;36;96m#       [0;32;92mnew file[0;36;96m: [0;35;95m  Heatmap plotly/test.png[0m[0K
[0;36;96m#       [0;32;92mnew file[0;36;96m: [0;35;95m  Heatmap plotly/tst.html[0m[0K
[0;36;96m#       [0;32;92mnew file[0;36;96m: [0;35;95m  Heatmap/ALLIP.txt[0m[0K
[0;36;96m#       [0;32;92mnew file[0;36;96m: [0;35;95m  Heatmap/Exemple.csv[0m[0K
[0;36;96m#       [0;32;92mnew file[0;36;96m: [0;35;95m  Heatmap/Script_heatmap.R[0m[0K
[0;36;96m#       [0;32;92mnew file[0;36;96m: [0;35;95m  Heatmap2/CoA_propionyl.txt[0m[0K
[0;36;96m#       [0;32;92mnew file[0;36;96m: [0;35;95m  Heatmap2/Exemple.csv[0m[0K
[0;36;96m#       [0;32;92mnew file[0;36;96m: [0;35;95m  Heatmap2/Heatmap2.R[0m[0K
[0;36;96m#       [0;32;92mnew file[0;36;96m: [0;35;95m  Heatmap2/M9.txt[0m[0K
[0;36;96m#       [0;32;92mnew file[0;36;96m: [0;35;95m  Heatmap2/M9iso.txt[0m[0K
[0;36;96m#       [0;32;92mnew file[0;36;96m: [0;35;95m  Heatmap2/M9isopro.txt[0m[0K
[0;36;96m#       [0;32;92mnew file[0;36;96m: [0;35;95m  Heatmap2/M9tot.txt[0m[0K
[0;36;96m#       [0;32;92mnew file[0;36;96m: [0;35;95m  Heatmap2/Papier_BCAA.R[0m[0K
[0;36;96m#       [0;32;92mnew file[0;36;96m: [0;35;95m  Heatmap2/Rplot.pdf[0m[0K
[0;36;96m#       [0;32;92mnew file[0;36;96m: [0;35;95m  Heatmap2/file.pdf[0m[0K
[0;36;96m#       [0;32;92mnew file[0;36;96m: [0;35;95m  Heatmap2/heatmap.pdf[0m[0K
[0;36;96m#       [0;32;92mnew file[0;36;96m: [0;35;95m  Heatmap3/Exemple.csv[0m[0K
[0;36;96m#       [0;32;92mnew file[0;36;96m: [0;35;95m  Heatmap3/Heatmap3.R[0m[0K
[0;36;96m#[0m[0K
[0;36;96m# [0;34;94mChanges not staged for commit:[0m[0K
[0;36;96m#       [0;32;92mmodified[0;36;96m: [0;35;95m  .Rproj.user/24D76CF1/console06/6128D5DE[0m[0K
[0;36;96m#[0m[0K
[0;34;94m~[0K
~[0K
~[0K
~[0K
~[0K
~[0K
~[0K
~[0K
~[0K
~[0K
~[0K
[0;7m~/Documents/Labo/Données/Script/Heatmap/.git/COMMIT_EDITMSG [+] [unix] (14:21 12/04/2018)                           1  1,3All[0m[0K
[0;1m-- INSERT --[0m[0K[59A[3G[?25h[?25l[0;33;93mIni[0m[0K
[0;36;96m# Please enter the commit message for your changes. Lines starting[0m[0K
[0;36;96m# with '#' will be ignored, and an empty message aborts the commit.[0m[0K
[0;36;96m#[0m[0K
[0;36;96m# [0;34;94mCommitter:[0;36;96m Mickael Dinclaux <dinclaux@insat.insa-toulouse.fr>[0m[0K
[0;36;96m#[0m[0K
[0;36;96m# On branch [0;31;91mmaster[0m[0K
[0;36;96m#[0m[0K
[0;36;96m# Initial commit[0m[0K
[0;36;96m#[0m[0K
[0;36;96m# [0;34;94mChanges to be committed:[0m[0K
[0;36;96m#       [0;32;92mnew file[0;36;96m: [0;35;95m  .Rproj.user/24D76CF1/console06/6128D5DE[0m[0K
[0;36;96m#       [0;32;92mnew file[0;36;96m: [0;35;95m  .Rproj.user/24D76CF1/console06/INDEX001[0m[0K
[0;36;96m#       [0;32;92mnew file[0;36;96m: [0;35;95m  .Rproj.user/24D76CF1/sources/s-D8D76F13/lock_file[0m[0K
[0;36;96m#       [0;32;92mnew file[0;36;96m: [0;35;95m  .Rproj.user/shared/notebooks/patch-chunk-names[0m[0K
[0;36;96m#       [0;32;92mnew file[0;36;96m: [0;35;95m  .gitignore[0m[0K
[0;36;96m#       [0;32;92mnew file[0;36;96m: [0;35;95m  Heatmap plotly/AAC20ULLog2.csv[0m[0K
[0;36;96m#       [0;32;92mnew file[0;36;96m: [0;35;95m  Heatmap plotly/CoA_propionyl.txt[0m[0K
[0;36;96m#       [0;32;92mnew file[0;36;96m: [0;35;95m  Heatmap plotly/Exemple.txt[0m[0K
[0;36;96m#       [0;32;92mnew file[0;36;96m: [0;35;95m  Heatmap plotly/Exemple.xlsx[0m[0K
[0;36;96m#       [0;32;92mnew file[0;36;96m: [0;35;95m  Heatmap plotly/Heatmap.html[0m[0K
[0;36;96m#       [0;32;92mnew file[0;36;96m: [0;35;95m  Heatmap plotly/Rplot.jpeg[0m[0K
[0;36;96m#       [0;32;92mnew file[0;36;96m: [0;35;95m  Heatmap plotly/heatmap.pdf[0m[0K
[0;36;96m#       [0;32;92mnew file[0;36;96m: [0;35;95m  Heatmap plotly/heatmaplotly.R[0m[0K
[0;36;96m#       [0;32;92mnew file[0;36;96m: [0;35;95m  Heatmap plotly/heatmaplotly.zip[0m[0K
[0;36;96m#       [0;32;92mnew file[0;36;96m: [0;35;95m  Heatmap plotly/test.png[0m[0K
[0;36;96m#       [0;32;92mnew file[0;36;96m: [0;35;95m  Heatmap plotly/tst.html[0m[0K
[0;36;96m#       [0;32;92mnew file[0;36;96m: [0;35;95m  Heatmap/ALLIP.txt[0m[0K
[0;36;96m#       [0;32;92mnew file[0;36;96m: [0;35;95m  Heatmap/Exemple.csv[0m[0K
[0;36;96m#       [0;32;92mnew file[0;36;96m: [0;35;95m  Heatmap/Script_heatmap.R[0m[0K
[0;36;96m#       [0;32;92mnew file[0;36;96m: [0;35;95m  Heatmap2/CoA_propionyl.txt[0m[0K
[0;36;96m#       [0;32;92mnew file[0;36;96m: [0;35;95m  Heatmap2/Exemple.csv[0m[0K
[0;36;96m#       [0;32;92mnew file[0;36;96m: [0;35;95m  Heatmap2/Heatmap2.R[0m[0K
[0;36;96m#       [0;32;92mnew file[0;36;96m: [0;35;95m  Heatmap2/M9.txt[0m[0K
[0;36;96m#       [0;32;92mnew file[0;36;96m: [0;35;95m  Heatmap2/M9iso.txt[0m[0K
[0;36;96m#       [0;32;92mnew file[0;36;96m: [0;35;95m  Heatmap2/M9isopro.txt[0m[0K
[0;36;96m#       [0;32;92mnew file[0;36;96m: [0;35;95m  Heatmap2/M9tot.txt[0m[0K
[0;36;96m#       [0;32;92mnew file[0;36;96m: [0;35;95m  Heatmap2/Papier_BCAA.R[0m[0K
[0;36;96m#       [0;32;92mnew file[0;36;96m: [0;35;95m  Heatmap2/Rplot.pdf[0m[0K
[0;36;96m#       [0;32;92mnew file[0;36;96m: [0;35;95m  Heatmap2/file.pdf[0m[0K
[0;36;96m#       [0;32;92mnew file[0;36;96m: [0;35;95m  Heatmap2/heatmap.pdf[0m[0K
[0;36;96m#       [0;32;92mnew file[0;36;96m: [0;35;95m  Heatmap3/Exemple.csv[0m[0K
[0;36;96m#       [0;32;92mnew file[0;36;96m: [0;35;95m  Heatmap3/Heatmap3.R[0m[0K
[0;36;96m#[0m[0K
[0;36;96m# [0;34;94mChanges not staged for commit:[0m[0K
[0;36;96m#       [0;32;92mmodified[0;36;96m: [0;35;95m  .Rproj.user/24D76CF1/console06/6128D5DE[0m[0K
[0;36;96m#[0m[0K
[0;34;94m~[0K
~[0K
~[0K
~[0K
~[0K
~[0K
~[0K
~[0K
~[0K
~[0K
~[0K
[0;7m~/Documents/Labo/Données/Script/Heatmap/.git/COMMIT_EDITMSG [+] [unix] (14:21 12/04/2018)                           1  1,4All[0m[0K
[0;1m-- INSERT --[0m[0K[59A[4G[?25h[?25l[0;33;93mInit[0m[0K
[0;36;96m# Please enter the commit message for your changes. Lines starting[0m[0K
[0;36;96m# with '#' will be ignored, and an empty message aborts the commit.[0m[0K
[0;36;96m#[0m[0K
[0;36;96m# [0;34;94mCommitter:[0;36;96m Mickael Dinclaux <dinclaux@insat.insa-toulouse.fr>[0m[0K
[0;36;96m#[0m[0K
[0;36;96m# On branch [0;31;91mmaster[0m[0K
[0;36;96m#[0m[0K
[0;36;96m# Initial commit[0m[0K
[0;36;96m#[0m[0K
[0;36;96m# [0;34;94mChanges to be committed:[0m[0K
[0;36;96m#       [0;32;92mnew file[0;36;96m: [0;35;95m  .Rproj.user/24D76CF1/console06/6128D5DE[0m[0K
[0;36;96m#       [0;32;92mnew file[0;36;96m: [0;35;95m  .Rproj.user/24D76CF1/console06/INDEX001[0m[0K
[0;36;96m#       [0;32;92mnew file[0;36;96m: [0;35;95m  .Rproj.user/24D76CF1/sources/s-D8D76F13/lock_file[0m[0K
[0;36;96m#       [0;32;92mnew file[0;36;96m: [0;35;95m  .Rproj.user/shared/notebooks/patch-chunk-names[0m[0K
[0;36;96m#       [0;32;92mnew file[0;36;96m: [0;35;95m  .gitignore[0m[0K
[0;36;96m#       [0;32;92mnew file[0;36;96m: [0;35;95m  Heatmap plotly/AAC20ULLog2.csv[0m[0K
[0;36;96m#       [0;32;92mnew file[0;36;96m: [0;35;95m  Heatmap plotly/CoA_propionyl.txt[0m[0K
[0;36;96m#       [0;32;92mnew file[0;36;96m: [0;35;95m  Heatmap plotly/Exemple.txt[0m[0K
[0;36;96m#       [0;32;92mnew file[0;36;96m: [0;35;95m  Heatmap plotly/Exemple.xlsx[0m[0K
[0;36;96m#       [0;32;92mnew file[0;36;96m: [0;35;95m  Heatmap plotly/Heatmap.html[0m[0K
[0;36;96m#       [0;32;92mnew file[0;36;96m: [0;35;95m  Heatmap plotly/Rplot.jpeg[0m[0K
[0;36;96m#       [0;32;92mnew file[0;36;96m: [0;35;95m  Heatmap plotly/heatmap.pdf[0m[0K
[0;36;96m#       [0;32;92mnew file[0;36;96m: [0;35;95m  Heatmap plotly/heatmaplotly.R[0m[0K
[0;36;96m#       [0;32;92mnew file[0;36;96m: [0;35;95m  Heatmap plotly/heatmaplotly.zip[0m[0K
[0;36;96m#       [0;32;92mnew file[0;36;96m: [0;35;95m  Heatmap plotly/test.png[0m[0K
[0;36;96m#       [0;32;92mnew file[0;36;96m: [0;35;95m  Heatmap plotly/tst.html[0m[0K
[0;36;96m#       [0;32;92mnew file[0;36;96m: [0;35;95m  Heatmap/ALLIP.txt[0m[0K
[0;36;96m#       [0;32;92mnew file[0;36;96m: [0;35;95m  Heatmap/Exemple.csv[0m[0K
[0;36;96m#       [0;32;92mnew file[0;36;96m: [0;35;95m  Heatmap/Script_heatmap.R[0m[0K
[0;36;96m#       [0;32;92mnew file[0;36;96m: [0;35;95m  Heatmap2/CoA_propionyl.txt[0m[0K
[0;36;96m#       [0;32;92mnew file[0;36;96m: [0;35;95m  Heatmap2/Exemple.csv[0m[0K
[0;36;96m#       [0;32;92mnew file[0;36;96m: [0;35;95m  Heatmap2/Heatmap2.R[0m[0K
[0;36;96m#       [0;32;92mnew file[0;36;96m: [0;35;95m  Heatmap2/M9.txt[0m[0K
[0;36;96m#       [0;32;92mnew file[0;36;96m: [0;35;95m  Heatmap2/M9iso.txt[0m[0K
[0;36;96m#       [0;32;92mnew file[0;36;96m: [0;35;95m  Heatmap2/M9isopro.txt[0m[0K
[0;36;96m#       [0;32;92mnew file[0;36;96m: [0;35;95m  Heatmap2/M9tot.txt[0m[0K
[0;36;96m#       [0;32;92mnew file[0;36;96m: [0;35;95m  Heatmap2/Papier_BCAA.R[0m[0K
[0;36;96m#       [0;32;92mnew file[0;36;96m: [0;35;95m  Heatmap2/Rplot.pdf[0m[0K
[0;36;96m#       [0;32;92mnew file[0;36;96m: [0;35;95m  Heatmap2/file.pdf[0m[0K
[0;36;96m#       [0;32;92mnew file[0;36;96m: [0;35;95m  Heatmap2/heatmap.pdf[0m[0K
[0;36;96m#       [0;32;92mnew file[0;36;96m: [0;35;95m  Heatmap3/Exemple.csv[0m[0K
[0;36;96m#       [0;32;92mnew file[0;36;96m: [0;35;95m  Heatmap3/Heatmap3.R[0m[0K
[0;36;96m#[0m[0K
[0;36;96m# [0;34;94mChanges not staged for commit:[0m[0K
[0;36;96m#       [0;32;92mmodified[0;36;96m: [0;35;95m  .Rproj.user/24D76CF1/console06/6128D5DE[0m[0K
[0;36;96m#[0m[0K
[0;34;94m~[0K
~[0K
~[0K
~[0K
~[0K
~[0K
~[0K
~[0K
~[0K
~[0K
~[0K
[0;7m~/Documents/Labo/Données/Script/Heatmap/.git/COMMIT_EDITMSG [+] [unix] (14:21 12/04/2018)                           1  1,5All[0m[0K
[0;1m-- INSERT --[0m[0K[59A[5G[?25h[?25l[0;33;93mIniti[0m[0K
[0;36;96m# Please enter the commit message for your changes. Lines starting[0m[0K
[0;36;96m# with '#' will be ignored, and an empty message aborts the commit.[0m[0K
[0;36;96m#[0m[0K
[0;36;96m# [0;34;94mCommitter:[0;36;96m Mickael Dinclaux <dinclaux@insat.insa-toulouse.fr>[0m[0K
[0;36;96m#[0m[0K
[0;36;96m# On branch [0;31;91mmaster[0m[0K
[0;36;96m#[0m[0K
[0;36;96m# Initial commit[0m[0K
[0;36;96m#[0m[0K
[0;36;96m# [0;34;94mChanges to be committed:[0m[0K
[0;36;96m#       [0;32;92mnew file[0;36;96m: [0;35;95m  .Rproj.user/24D76CF1/console06/6128D5DE[0m[0K
[0;36;96m#       [0;32;92mnew file[0;36;96m: [0;35;95m  .Rproj.user/24D76CF1/console06/INDEX001[0m[0K
[0;36;96m#       [0;32;92mnew file[0;36;96m: [0;35;95m  .Rproj.user/24D76CF1/sources/s-D8D76F13/lock_file[0m[0K
[0;36;96m#       [0;32;92mnew file[0;36;96m: [0;35;95m  .Rproj.user/shared/notebooks/patch-chunk-names[0m[0K
[0;36;96m#       [0;32;92mnew file[0;36;96m: [0;35;95m  .gitignore[0m[0K
[0;36;96m#       [0;32;92mnew file[0;36;96m: [0;35;95m  Heatmap plotly/AAC20ULLog2.csv[0m[0K
[0;36;96m#       [0;32;92mnew file[0;36;96m: [0;35;95m  Heatmap plotly/CoA_propionyl.txt[0m[0K
[0;36;96m#       [0;32;92mnew file[0;36;96m: [0;35;95m  Heatmap plotly/Exemple.txt[0m[0K
[0;36;96m#       [0;32;92mnew file[0;36;96m: [0;35;95m  Heatmap plotly/Exemple.xlsx[0m[0K
[0;36;96m#       [0;32;92mnew file[0;36;96m: [0;35;95m  Heatmap plotly/Heatmap.html[0m[0K
[0;36;96m#       [0;32;92mnew file[0;36;96m: [0;35;95m  Heatmap plotly/Rplot.jpeg[0m[0K
[0;36;96m#       [0;32;92mnew file[0;36;96m: [0;35;95m  Heatmap plotly/heatmap.pdf[0m[0K
[0;36;96m#       [0;32;92mnew file[0;36;96m: [0;35;95m  Heatmap plotly/heatmaplotly.R[0m[0K
[0;36;96m#       [0;32;92mnew file[0;36;96m: [0;35;95m  Heatmap plotly/heatmaplotly.zip[0m[0K
[0;36;96m#       [0;32;92mnew file[0;36;96m: [0;35;95m  Heatmap plotly/test.png[0m[0K
[0;36;96m#       [0;32;92mnew file[0;36;96m: [0;35;95m  Heatmap plotly/tst.html[0m[0K
[0;36;96m#       [0;32;92mnew file[0;36;96m: [0;35;95m  Heatmap/ALLIP.txt[0m[0K
[0;36;96m#       [0;32;92mnew file[0;36;96m: [0;35;95m  Heatmap/Exemple.csv[0m[0K
[0;36;96m#       [0;32;92mnew file[0;36;96m: [0;35;95m  Heatmap/Script_heatmap.R[0m[0K
[0;36;96m#       [0;32;92mnew file[0;36;96m: [0;35;95m  Heatmap2/CoA_propionyl.txt[0m[0K
[0;36;96m#       [0;32;92mnew file[0;36;96m: [0;35;95m  Heatmap2/Exemple.csv[0m[0K
[0;36;96m#       [0;32;92mnew file[0;36;96m: [0;35;95m  Heatmap2/Heatmap2.R[0m[0K
[0;36;96m#       [0;32;92mnew file[0;36;96m: [0;35;95m  Heatmap2/M9.txt[0m[0K
[0;36;96m#       [0;32;92mnew file[0;36;96m: [0;35;95m  Heatmap2/M9iso.txt[0m[0K
[0;36;96m#       [0;32;92mnew file[0;36;96m: [0;35;95m  Heatmap2/M9isopro.txt[0m[0K
[0;36;96m#       [0;32;92mnew file[0;36;96m: [0;35;95m  Heatmap2/M9tot.txt[0m[0K
[0;36;96m#       [0;32;92mnew file[0;36;96m: [0;35;95m  Heatmap2/Papier_BCAA.R[0m[0K
[0;36;96m#       [0;32;92mnew file[0;36;96m: [0;35;95m  Heatmap2/Rplot.pdf[0m[0K
[0;36;96m#       [0;32;92mnew file[0;36;96m: [0;35;95m  Heatmap2/file.pdf[0m[0K
[0;36;96m#       [0;32;92mnew file[0;36;96m: [0;35;95m  Heatmap2/heatmap.pdf[0m[0K
[0;36;96m#       [0;32;92mnew file[0;36;96m: [0;35;95m  Heatmap3/Exemple.csv[0m[0K
[0;36;96m#       [0;32;92mnew file[0;36;96m: [0;35;95m  Heatmap3/Heatmap3.R[0m[0K
[0;36;96m#[0m[0K
[0;36;96m# [0;34;94mChanges not staged for commit:[0m[0K
[0;36;96m#       [0;32;92mmodified[0;36;96m: [0;35;95m  .Rproj.user/24D76CF1/console06/6128D5DE[0m[0K
[0;36;96m#[0m[0K
[0;34;94m~[0K
~[0K
~[0K
~[0K
~[0K
~[0K
~[0K
~[0K
~[0K
~[0K
~[0K
[0;7m~/Documents/Labo/Données/Script/Heatmap/.git/COMMIT_EDITMSG [+] [unix] (14:21 12/04/2018)                           1  1,6All[0m[0K
[0;1m-- INSERT --[0m[0K[59A[6G[?25h[?25l[0;33;93mInitial [0m[0K
[0;36;96m# Please enter the commit message for your changes. Lines starting[0m[0K
[0;36;96m# with '#' will be ignored, and an empty message aborts the commit.[0m[0K
[0;36;96m#[0m[0K
[0;36;96m# [0;34;94mCommitter:[0;36;96m Mickael Dinclaux <dinclaux@insat.insa-toulouse.fr>[0m[0K
[0;36;96m#[0m[0K
[0;36;96m# On branch [0;31;91mmaster[0m[0K
[0;36;96m#[0m[0K
[0;36;96m# Initial commit[0m[0K
[0;36;96m#[0m[0K
[0;36;96m# [0;34;94mChanges to be committed:[0m[0K
[0;36;96m#       [0;32;92mnew file[0;36;96m: [0;35;95m  .Rproj.user/24D76CF1/console06/6128D5DE[0m[0K
[0;36;96m#       [0;32;92mnew file[0;36;96m: [0;35;95m  .Rproj.user/24D76CF1/console06/INDEX001[0m[0K
[0;36;96m#       [0;32;92mnew file[0;36;96m: [0;35;95m  .Rproj.user/24D76CF1/sources/s-D8D76F13/lock_file[0m[0K
[0;36;96m#       [0;32;92mnew file[0;36;96m: [0;35;95m  .Rproj.user/shared/notebooks/patch-chunk-names[0m[0K
[0;36;96m#       [0;32;92mnew file[0;36;96m: [0;35;95m  .gitignore[0m[0K
[0;36;96m#       [0;32;92mnew file[0;36;96m: [0;35;95m  Heatmap plotly/AAC20ULLog2.csv[0m[0K
[0;36;96m#       [0;32;92mnew file[0;36;96m: [0;35;95m  Heatmap plotly/CoA_propionyl.txt[0m[0K
[0;36;96m#       [0;32;92mnew file[0;36;96m: [0;35;95m  Heatmap plotly/Exemple.txt[0m[0K
[0;36;96m#       [0;32;92mnew file[0;36;96m: [0;35;95m  Heatmap plotly/Exemple.xlsx[0m[0K
[0;36;96m#       [0;32;92mnew file[0;36;96m: [0;35;95m  Heatmap plotly/Heatmap.html[0m[0K
[0;36;96m#       [0;32;92mnew file[0;36;96m: [0;35;95m  Heatmap plotly/Rplot.jpeg[0m[0K
[0;36;96m#       [0;32;92mnew file[0;36;96m: [0;35;95m  Heatmap plotly/heatmap.pdf[0m[0K
[0;36;96m#       [0;32;92mnew file[0;36;96m: [0;35;95m  Heatmap plotly/heatmaplotly.R[0m[0K
[0;36;96m#       [0;32;92mnew file[0;36;96m: [0;35;95m  Heatmap plotly/heatmaplotly.zip[0m[0K
[0;36;96m#       [0;32;92mnew file[0;36;96m: [0;35;95m  Heatmap plotly/test.png[0m[0K
[0;36;96m#       [0;32;92mnew file[0;36;96m: [0;35;95m  Heatmap plotly/tst.html[0m[0K
[0;36;96m#       [0;32;92mnew file[0;36;96m: [0;35;95m  Heatmap/ALLIP.txt[0m[0K
[0;36;96m#       [0;32;92mnew file[0;36;96m: [0;35;95m  Heatmap/Exemple.csv[0m[0K
[0;36;96m#       [0;32;92mnew file[0;36;96m: [0;35;95m  Heatmap/Script_heatmap.R[0m[0K
[0;36;96m#       [0;32;92mnew file[0;36;96m: [0;35;95m  Heatmap2/CoA_propionyl.txt[0m[0K
[0;36;96m#       [0;32;92mnew file[0;36;96m: [0;35;95m  Heatmap2/Exemple.csv[0m[0K
[0;36;96m#       [0;32;92mnew file[0;36;96m: [0;35;95m  Heatmap2/Heatmap2.R[0m[0K
[0;36;96m#       [0;32;92mnew file[0;36;96m: [0;35;95m  Heatmap2/M9.txt[0m[0K
[0;36;96m#       [0;32;92mnew file[0;36;96m: [0;35;95m  Heatmap2/M9iso.txt[0m[0K
[0;36;96m#       [0;32;92mnew file[0;36;96m: [0;35;95m  Heatmap2/M9isopro.txt[0m[0K
[0;36;96m#       [0;32;92mnew file[0;36;96m: [0;35;95m  Heatmap2/M9tot.txt[0m[0K
[0;36;96m#       [0;32;92mnew file[0;36;96m: [0;35;95m  Heatmap2/Papier_BCAA.R[0m[0K
[0;36;96m#       [0;32;92mnew file[0;36;96m: [0;35;95m  Heatmap2/Rplot.pdf[0m[0K
[0;36;96m#       [0;32;92mnew file[0;36;96m: [0;35;95m  Heatmap2/file.pdf[0m[0K
[0;36;96m#       [0;32;92mnew file[0;36;96m: [0;35;95m  Heatmap2/heatmap.pdf[0m[0K
[0;36;96m#       [0;32;92mnew file[0;36;96m: [0;35;95m  Heatmap3/Exemple.csv[0m[0K
[0;36;96m#       [0;32;92mnew file[0;36;96m: [0;35;95m  Heatmap3/Heatmap3.R[0m[0K
[0;36;96m#[0m[0K
[0;36;96m# [0;34;94mChanges not staged for commit:[0m[0K
[0;36;96m#       [0;32;92mmodified[0;36;96m: [0;35;95m  .Rproj.user/24D76CF1/console06/6128D5DE[0m[0K
[0;36;96m#[0m[0K
[0;34;94m~[0K
~[0K
~[0K
~[0K
~[0K
~[0K
~[0K
~[0K
~[0K
~[0K
~[0K
[0;7m~/Documents/Labo/Données/Script/Heatmap/.git/COMMIT_EDITMSG [+] [unix] (14:21 12/04/2018)                           1  1,9All[0m[0K
[0;1m-- INSERT --[0m[0K[59A[9G[?25h[?25l[0;33;93mInitial c[0m[0K
[0;36;96m# Please enter the commit message for your changes. Lines starting[0m[0K
[0;36;96m# with '#' will be ignored, and an empty message aborts the commit.[0m[0K
[0;36;96m#[0m[0K
[0;36;96m# [0;34;94mCommitter:[0;36;96m Mickael Dinclaux <dinclaux@insat.insa-toulouse.fr>[0m[0K
[0;36;96m#[0m[0K
[0;36;96m# On branch [0;31;91mmaster[0m[0K
[0;36;96m#[0m[0K
[0;36;96m# Initial commit[0m[0K
[0;36;96m#[0m[0K
[0;36;96m# [0;34;94mChanges to be committed:[0m[0K
[0;36;96m#       [0;32;92mnew file[0;36;96m: [0;35;95m  .Rproj.user/24D76CF1/console06/6128D5DE[0m[0K
[0;36;96m#       [0;32;92mnew file[0;36;96m: [0;35;95m  .Rproj.user/24D76CF1/console06/INDEX001[0m[0K
[0;36;96m#       [0;32;92mnew file[0;36;96m: [0;35;95m  .Rproj.user/24D76CF1/sources/s-D8D76F13/lock_file[0m[0K
[0;36;96m#       [0;32;92mnew file[0;36;96m: [0;35;95m  .Rproj.user/shared/notebooks/patch-chunk-names[0m[0K
[0;36;96m#       [0;32;92mnew file[0;36;96m: [0;35;95m  .gitignore[0m[0K
[0;36;96m#       [0;32;92mnew file[0;36;96m: [0;35;95m  Heatmap plotly/AAC20ULLog2.csv[0m[0K
[0;36;96m#       [0;32;92mnew file[0;36;96m: [0;35;95m  Heatmap plotly/CoA_propionyl.txt[0m[0K
[0;36;96m#       [0;32;92mnew file[0;36;96m: [0;35;95m  Heatmap plotly/Exemple.txt[0m[0K
[0;36;96m#       [0;32;92mnew file[0;36;96m: [0;35;95m  Heatmap plotly/Exemple.xlsx[0m[0K
[0;36;96m#       [0;32;92mnew file[0;36;96m: [0;35;95m  Heatmap plotly/Heatmap.html[0m[0K
[0;36;96m#       [0;32;92mnew file[0;36;96m: [0;35;95m  Heatmap plotly/Rplot.jpeg[0m[0K
[0;36;96m#       [0;32;92mnew file[0;36;96m: [0;35;95m  Heatmap plotly/heatmap.pdf[0m[0K
[0;36;96m#       [0;32;92mnew file[0;36;96m: [0;35;95m  Heatmap plotly/heatmaplotly.R[0m[0K
[0;36;96m#       [0;32;92mnew file[0;36;96m: [0;35;95m  Heatmap plotly/heatmaplotly.zip[0m[0K
[0;36;96m#       [0;32;92mnew file[0;36;96m: [0;35;95m  Heatmap plotly/test.png[0m[0K
[0;36;96m#       [0;32;92mnew file[0;36;96m: [0;35;95m  Heatmap plotly/tst.html[0m[0K
[0;36;96m#       [0;32;92mnew file[0;36;96m: [0;35;95m  Heatmap/ALLIP.txt[0m[0K
[0;36;96m#       [0;32;92mnew file[0;36;96m: [0;35;95m  Heatmap/Exemple.csv[0m[0K
[0;36;96m#       [0;32;92mnew file[0;36;96m: [0;35;95m  Heatmap/Script_heatmap.R[0m[0K
[0;36;96m#       [0;32;92mnew file[0;36;96m: [0;35;95m  Heatmap2/CoA_propionyl.txt[0m[0K
[0;36;96m#       [0;32;92mnew file[0;36;96m: [0;35;95m  Heatmap2/Exemple.csv[0m[0K
[0;36;96m#       [0;32;92mnew file[0;36;96m: [0;35;95m  Heatmap2/Heatmap2.R[0m[0K
[0;36;96m#       [0;32;92mnew file[0;36;96m: [0;35;95m  Heatmap2/M9.txt[0m[0K
[0;36;96m#       [0;32;92mnew file[0;36;96m: [0;35;95m  Heatmap2/M9iso.txt[0m[0K
[0;36;96m#       [0;32;92mnew file[0;36;96m: [0;35;95m  Heatmap2/M9isopro.txt[0m[0K
[0;36;96m#       [0;32;92mnew file[0;36;96m: [0;35;95m  Heatmap2/M9tot.txt[0m[0K
[0;36;96m#       [0;32;92mnew file[0;36;96m: [0;35;95m  Heatmap2/Papier_BCAA.R[0m[0K
[0;36;96m#       [0;32;92mnew file[0;36;96m: [0;35;95m  Heatmap2/Rplot.pdf[0m[0K
[0;36;96m#       [0;32;92mnew file[0;36;96m: [0;35;95m  Heatmap2/file.pdf[0m[0K
[0;36;96m#       [0;32;92mnew file[0;36;96m: [0;35;95m  Heatmap2/heatmap.pdf[0m[0K
[0;36;96m#       [0;32;92mnew file[0;36;96m: [0;35;95m  Heatmap3/Exemple.csv[0m[0K
[0;36;96m#       [0;32;92mnew file[0;36;96m: [0;35;95m  Heatmap3/Heatmap3.R[0m[0K
[0;36;96m#[0m[0K
[0;36;96m# [0;34;94mChanges not staged for commit:[0m[0K
[0;36;96m#       [0;32;92mmodified[0;36;96m: [0;35;95m  .Rproj.user/24D76CF1/console06/6128D5DE[0m[0K
[0;36;96m#[0m[0K
[0;34;94m~[0K
~[0K
~[0K
~[0K
~[0K
~[0K
~[0K
~[0K
~[0K
~[0K
~[0K
[0;7m~/Documents/Labo/Données/Script/Heatmap/.git/COMMIT_EDITMSG [+] [unix] (14:21 12/04/2018)                           1 1,10All[0m[0K
[0;1m-- INSERT --[0m[0K[59A[10G[?25h[?25l[0;33;93mInitial co[0m[0K
[0;36;96m# Please enter the commit message for your changes. Lines starting[0m[0K
[0;36;96m# with '#' will be ignored, and an empty message aborts the commit.[0m[0K
[0;36;96m#[0m[0K
[0;36;96m# [0;34;94mCommitter:[0;36;96m Mickael Dinclaux <dinclaux@insat.insa-toulouse.fr>[0m[0K
[0;36;96m#[0m[0K
[0;36;96m# On branch [0;31;91mmaster[0m[0K
[0;36;96m#[0m[0K
[0;36;96m# Initial commit[0m[0K
[0;36;96m#[0m[0K
[0;36;96m# [0;34;94mChanges to be committed:[0m[0K
[0;36;96m#       [0;32;92mnew file[0;36;96m: [0;35;95m  .Rproj.user/24D76CF1/console06/6128D5DE[0m[0K
[0;36;96m#       [0;32;92mnew file[0;36;96m: [0;35;95m  .Rproj.user/24D76CF1/console06/INDEX001[0m[0K
[0;36;96m#       [0;32;92mnew file[0;36;96m: [0;35;95m  .Rproj.user/24D76CF1/sources/s-D8D76F13/lock_file[0m[0K
[0;36;96m#       [0;32;92mnew file[0;36;96m: [0;35;95m  .Rproj.user/shared/notebooks/patch-chunk-names[0m[0K
[0;36;96m#       [0;32;92mnew file[0;36;96m: [0;35;95m  .gitignore[0m[0K
[0;36;96m#       [0;32;92mnew file[0;36;96m: [0;35;95m  Heatmap plotly/AAC20ULLog2.csv[0m[0K
[0;36;96m#       [0;32;92mnew file[0;36;96m: [0;35;95m  Heatmap plotly/CoA_propionyl.txt[0m[0K
[0;36;96m#       [0;32;92mnew file[0;36;96m: [0;35;95m  Heatmap plotly/Exemple.txt[0m[0K
[0;36;96m#       [0;32;92mnew file[0;36;96m: [0;35;95m  Heatmap plotly/Exemple.xlsx[0m[0K
[0;36;96m#       [0;32;92mnew file[0;36;96m: [0;35;95m  Heatmap plotly/Heatmap.html[0m[0K
[0;36;96m#       [0;32;92mnew file[0;36;96m: [0;35;95m  Heatmap plotly/Rplot.jpeg[0m[0K
[0;36;96m#       [0;32;92mnew file[0;36;96m: [0;35;95m  Heatmap plotly/heatmap.pdf[0m[0K
[0;36;96m#       [0;32;92mnew file[0;36;96m: [0;35;95m  Heatmap plotly/heatmaplotly.R[0m[0K
[0;36;96m#       [0;32;92mnew file[0;36;96m: [0;35;95m  Heatmap plotly/heatmaplotly.zip[0m[0K
[0;36;96m#       [0;32;92mnew file[0;36;96m: [0;35;95m  Heatmap plotly/test.png[0m[0K
[0;36;96m#       [0;32;92mnew file[0;36;96m: [0;35;95m  Heatmap plotly/tst.html[0m[0K
[0;36;96m#       [0;32;92mnew file[0;36;96m: [0;35;95m  Heatmap/ALLIP.txt[0m[0K
[0;36;96m#       [0;32;92mnew file[0;36;96m: [0;35;95m  Heatmap/Exemple.csv[0m[0K
[0;36;96m#       [0;32;92mnew file[0;36;96m: [0;35;95m  Heatmap/Script_heatmap.R[0m[0K
[0;36;96m#       [0;32;92mnew file[0;36;96m: [0;35;95m  Heatmap2/CoA_propionyl.txt[0m[0K
[0;36;96m#       [0;32;92mnew file[0;36;96m: [0;35;95m  Heatmap2/Exemple.csv[0m[0K
[0;36;96m#       [0;32;92mnew file[0;36;96m: [0;35;95m  Heatmap2/Heatmap2.R[0m[0K
[0;36;96m#       [0;32;92mnew file[0;36;96m: [0;35;95m  Heatmap2/M9.txt[0m[0K
[0;36;96m#       [0;32;92mnew file[0;36;96m: [0;35;95m  Heatmap2/M9iso.txt[0m[0K
[0;36;96m#       [0;32;92mnew file[0;36;96m: [0;35;95m  Heatmap2/M9isopro.txt[0m[0K
[0;36;96m#       [0;32;92mnew file[0;36;96m: [0;35;95m  Heatmap2/M9tot.txt[0m[0K
[0;36;96m#       [0;32;92mnew file[0;36;96m: [0;35;95m  Heatmap2/Papier_BCAA.R[0m[0K
[0;36;96m#       [0;32;92mnew file[0;36;96m: [0;35;95m  Heatmap2/Rplot.pdf[0m[0K
[0;36;96m#       [0;32;92mnew file[0;36;96m: [0;35;95m  Heatmap2/file.pdf[0m[0K
[0;36;96m#       [0;32;92mnew file[0;36;96m: [0;35;95m  Heatmap2/heatmap.pdf[0m[0K
[0;36;96m#       [0;32;92mnew file[0;36;96m: [0;35;95m  Heatmap3/Exemple.csv[0m[0K
[0;36;96m#       [0;32;92mnew file[0;36;96m: [0;35;95m  Heatmap3/Heatmap3.R[0m[0K
[0;36;96m#[0m[0K
[0;36;96m# [0;34;94mChanges not staged for commit:[0m[0K
[0;36;96m#       [0;32;92mmodified[0;36;96m: [0;35;95m  .Rproj.user/24D76CF1/console06/6128D5DE[0m[0K
[0;36;96m#[0m[0K
[0;34;94m~[0K
~[0K
~[0K
~[0K
~[0K
~[0K
~[0K
~[0K
~[0K
~[0K
~[0K
[0;7m~/Documents/Labo/Données/Script/Heatmap/.git/COMMIT_EDITMSG [+] [unix] (14:21 12/04/2018)                           1 1,11All[0m[0K
[0;1m-- INSERT --[0m[0K[59A[11G[?25h[?25l[0;33;93mInitial com[0m[0K
[0;36;96m# Please enter the commit message for your changes. Lines starting[0m[0K
[0;36;96m# with '#' will be ignored, and an empty message aborts the commit.[0m[0K
[0;36;96m#[0m[0K
[0;36;96m# [0;34;94mCommitter:[0;36;96m Mickael Dinclaux <dinclaux@insat.insa-toulouse.fr>[0m[0K
[0;36;96m#[0m[0K
[0;36;96m# On branch [0;31;91mmaster[0m[0K
[0;36;96m#[0m[0K
[0;36;96m# Initial commit[0m[0K
[0;36;96m#[0m[0K
[0;36;96m# [0;34;94mChanges to be committed:[0m[0K
[0;36;96m#       [0;32;92mnew file[0;36;96m: [0;35;95m  .Rproj.user/24D76CF1/console06/6128D5DE[0m[0K
[0;36;96m#       [0;32;92mnew file[0;36;96m: [0;35;95m  .Rproj.user/24D76CF1/console06/INDEX001[0m[0K
[0;36;96m#       [0;32;92mnew file[0;36;96m: [0;35;95m  .Rproj.user/24D76CF1/sources/s-D8D76F13/lock_file[0m[0K
[0;36;96m#       [0;32;92mnew file[0;36;96m: [0;35;95m  .Rproj.user/shared/notebooks/patch-chunk-names[0m[0K
[0;36;96m#       [0;32;92mnew file[0;36;96m: [0;35;95m  .gitignore[0m[0K
[0;36;96m#       [0;32;92mnew file[0;36;96m: [0;35;95m  Heatmap plotly/AAC20ULLog2.csv[0m[0K
[0;36;96m#       [0;32;92mnew file[0;36;96m: [0;35;95m  Heatmap plotly/CoA_propionyl.txt[0m[0K
[0;36;96m#       [0;32;92mnew file[0;36;96m: [0;35;95m  Heatmap plotly/Exemple.txt[0m[0K
[0;36;96m#       [0;32;92mnew file[0;36;96m: [0;35;95m  Heatmap plotly/Exemple.xlsx[0m[0K
[0;36;96m#       [0;32;92mnew file[0;36;96m: [0;35;95m  Heatmap plotly/Heatmap.html[0m[0K
[0;36;96m#       [0;32;92mnew file[0;36;96m: [0;35;95m  Heatmap plotly/Rplot.jpeg[0m[0K
[0;36;96m#       [0;32;92mnew file[0;36;96m: [0;35;95m  Heatmap plotly/heatmap.pdf[0m[0K
[0;36;96m#       [0;32;92mnew file[0;36;96m: [0;35;95m  Heatmap plotly/heatmaplotly.R[0m[0K
[0;36;96m#       [0;32;92mnew file[0;36;96m: [0;35;95m  Heatmap plotly/heatmaplotly.zip[0m[0K
[0;36;96m#       [0;32;92mnew file[0;36;96m: [0;35;95m  Heatmap plotly/test.png[0m[0K
[0;36;96m#       [0;32;92mnew file[0;36;96m: [0;35;95m  Heatmap plotly/tst.html[0m[0K
[0;36;96m#       [0;32;92mnew file[0;36;96m: [0;35;95m  Heatmap/ALLIP.txt[0m[0K
[0;36;96m#       [0;32;92mnew file[0;36;96m: [0;35;95m  Heatmap/Exemple.csv[0m[0K
[0;36;96m#       [0;32;92mnew file[0;36;96m: [0;35;95m  Heatmap/Script_heatmap.R[0m[0K
[0;36;96m#       [0;32;92mnew file[0;36;96m: [0;35;95m  Heatmap2/CoA_propionyl.txt[0m[0K
[0;36;96m#       [0;32;92mnew file[0;36;96m: [0;35;95m  Heatmap2/Exemple.csv[0m[0K
[0;36;96m#       [0;32;92mnew file[0;36;96m: [0;35;95m  Heatmap2/Heatmap2.R[0m[0K
[0;36;96m#       [0;32;92mnew file[0;36;96m: [0;35;95m  Heatmap2/M9.txt[0m[0K
[0;36;96m#       [0;32;92mnew file[0;36;96m: [0;35;95m  Heatmap2/M9iso.txt[0m[0K
[0;36;96m#       [0;32;92mnew file[0;36;96m: [0;35;95m  Heatmap2/M9isopro.txt[0m[0K
[0;36;96m#       [0;32;92mnew file[0;36;96m: [0;35;95m  Heatmap2/M9tot.txt[0m[0K
[0;36;96m#       [0;32;92mnew file[0;36;96m: [0;35;95m  Heatmap2/Papier_BCAA.R[0m[0K
[0;36;96m#       [0;32;92mnew file[0;36;96m: [0;35;95m  Heatmap2/Rplot.pdf[0m[0K
[0;36;96m#       [0;32;92mnew file[0;36;96m: [0;35;95m  Heatmap2/file.pdf[0m[0K
[0;36;96m#       [0;32;92mnew file[0;36;96m: [0;35;95m  Heatmap2/heatmap.pdf[0m[0K
[0;36;96m#       [0;32;92mnew file[0;36;96m: [0;35;95m  Heatmap3/Exemple.csv[0m[0K
[0;36;96m#       [0;32;92mnew file[0;36;96m: [0;35;95m  Heatmap3/Heatmap3.R[0m[0K
[0;36;96m#[0m[0K
[0;36;96m# [0;34;94mChanges not staged for commit:[0m[0K
[0;36;96m#       [0;32;92mmodified[0;36;96m: [0;35;95m  .Rproj.user/24D76CF1/console06/6128D5DE[0m[0K
[0;36;96m#[0m[0K
[0;34;94m~[0K
~[0K
~[0K
~[0K
~[0K
~[0K
~[0K
~[0K
~[0K
~[0K
~[0K
[0;7m~/Documents/Labo/Données/Script/Heatmap/.git/COMMIT_EDITMSG [+] [unix] (14:21 12/04/2018)                           1 1,12All[0m[0K
[0;1m-- INSERT --[0m[0K[59A[12G[?25h[?25l[0;33;93mInitial comm[0m[0K
[0;36;96m# Please enter the commit message for your changes. Lines starting[0m[0K
[0;36;96m# with '#' will be ignored, and an empty message aborts the commit.[0m[0K
[0;36;96m#[0m[0K
[0;36;96m# [0;34;94mCommitter:[0;36;96m Mickael Dinclaux <dinclaux@insat.insa-toulouse.fr>[0m[0K
[0;36;96m#[0m[0K
[0;36;96m# On branch [0;31;91mmaster[0m[0K
[0;36;96m#[0m[0K
[0;36;96m# Initial commit[0m[0K
[0;36;96m#[0m[0K
[0;36;96m# [0;34;94mChanges to be committed:[0m[0K
[0;36;96m#       [0;32;92mnew file[0;36;96m: [0;35;95m  .Rproj.user/24D76CF1/console06/6128D5DE[0m[0K
[0;36;96m#       [0;32;92mnew file[0;36;96m: [0;35;95m  .Rproj.user/24D76CF1/console06/INDEX001[0m[0K
[0;36;96m#       [0;32;92mnew file[0;36;96m: [0;35;95m  .Rproj.user/24D76CF1/sources/s-D8D76F13/lock_file[0m[0K
[0;36;96m#       [0;32;92mnew file[0;36;96m: [0;35;95m  .Rproj.user/shared/notebooks/patch-chunk-names[0m[0K
[0;36;96m#       [0;32;92mnew file[0;36;96m: [0;35;95m  .gitignore[0m[0K
[0;36;96m#       [0;32;92mnew file[0;36;96m: [0;35;95m  Heatmap plotly/AAC20ULLog2.csv[0m[0K
[0;36;96m#       [0;32;92mnew file[0;36;96m: [0;35;95m  Heatmap plotly/CoA_propionyl.txt[0m[0K
[0;36;96m#       [0;32;92mnew file[0;36;96m: [0;35;95m  Heatmap plotly/Exemple.txt[0m[0K
[0;36;96m#       [0;32;92mnew file[0;36;96m: [0;35;95m  Heatmap plotly/Exemple.xlsx[0m[0K
[0;36;96m#       [0;32;92mnew file[0;36;96m: [0;35;95m  Heatmap plotly/Heatmap.html[0m[0K
[0;36;96m#       [0;32;92mnew file[0;36;96m: [0;35;95m  Heatmap plotly/Rplot.jpeg[0m[0K
[0;36;96m#       [0;32;92mnew file[0;36;96m: [0;35;95m  Heatmap plotly/heatmap.pdf[0m[0K
[0;36;96m#       [0;32;92mnew file[0;36;96m: [0;35;95m  Heatmap plotly/heatmaplotly.R[0m[0K
[0;36;96m#       [0;32;92mnew file[0;36;96m: [0;35;95m  Heatmap plotly/heatmaplotly.zip[0m[0K
[0;36;96m#       [0;32;92mnew file[0;36;96m: [0;35;95m  Heatmap plotly/test.png[0m[0K
[0;36;96m#       [0;32;92mnew file[0;36;96m: [0;35;95m  Heatmap plotly/tst.html[0m[0K
[0;36;96m#       [0;32;92mnew file[0;36;96m: [0;35;95m  Heatmap/ALLIP.txt[0m[0K
[0;36;96m#       [0;32;92mnew file[0;36;96m: [0;35;95m  Heatmap/Exemple.csv[0m[0K
[0;36;96m#       [0;32;92mnew file[0;36;96m: [0;35;95m  Heatmap/Script_heatmap.R[0m[0K
[0;36;96m#       [0;32;92mnew file[0;36;96m: [0;35;95m  Heatmap2/CoA_propionyl.txt[0m[0K
[0;36;96m#       [0;32;92mnew file[0;36;96m: [0;35;95m  Heatmap2/Exemple.csv[0m[0K
[0;36;96m#       [0;32;92mnew file[0;36;96m: [0;35;95m  Heatmap2/Heatmap2.R[0m[0K
[0;36;96m#       [0;32;92mnew file[0;36;96m: [0;35;95m  Heatmap2/M9.txt[0m[0K
[0;36;96m#       [0;32;92mnew file[0;36;96m: [0;35;95m  Heatmap2/M9iso.txt[0m[0K
[0;36;96m#       [0;32;92mnew file[0;36;96m: [0;35;95m  Heatmap2/M9isopro.txt[0m[0K
[0;36;96m#       [0;32;92mnew file[0;36;96m: [0;35;95m  Heatmap2/M9tot.txt[0m[0K
[0;36;96m#       [0;32;92mnew file[0;36;96m: [0;35;95m  Heatmap2/Papier_BCAA.R[0m[0K
[0;36;96m#       [0;32;92mnew file[0;36;96m: [0;35;95m  Heatmap2/Rplot.pdf[0m[0K
[0;36;96m#       [0;32;92mnew file[0;36;96m: [0;35;95m  Heatmap2/file.pdf[0m[0K
[0;36;96m#       [0;32;92mnew file[0;36;96m: [0;35;95m  Heatmap2/heatmap.pdf[0m[0K
[0;36;96m#       [0;32;92mnew file[0;36;96m: [0;35;95m  Heatmap3/Exemple.csv[0m[0K
[0;36;96m#       [0;32;92mnew file[0;36;96m: [0;35;95m  Heatmap3/Heatmap3.R[0m[0K
[0;36;96m#[0m[0K
[0;36;96m# [0;34;94mChanges not staged for commit:[0m[0K
[0;36;96m#       [0;32;92mmodified[0;36;96m: [0;35;95m  .Rproj.user/24D76CF1/console06/6128D5DE[0m[0K
[0;36;96m#[0m[0K
[0;34;94m~[0K
~[0K
~[0K
~[0K
~[0K
~[0K
~[0K
~[0K
~[0K
~[0K
~[0K
[0;7m~/Documents/Labo/Données/Script/Heatmap/.git/COMMIT_EDITMSG [+] [unix] (14:21 12/04/2018)                           1 1,13All[0m[0K
[0;1m-- INSERT --[0m[0K[59A[13G[?25h[?25l[0;33;93mInitial commi[0m[0K
[0;36;96m# Please enter the commit message for your changes. Lines starting[0m[0K
[0;36;96m# with '#' will be ignored, and an empty message aborts the commit.[0m[0K
[0;36;96m#[0m[0K
[0;36;96m# [0;34;94mCommitter:[0;36;96m Mickael Dinclaux <dinclaux@insat.insa-toulouse.fr>[0m[0K
[0;36;96m#[0m[0K
[0;36;96m# On branch [0;31;91mmaster[0m[0K
[0;36;96m#[0m[0K
[0;36;96m# Initial commit[0m[0K
[0;36;96m#[0m[0K
[0;36;96m# [0;34;94mChanges to be committed:[0m[0K
[0;36;96m#       [0;32;92mnew file[0;36;96m: [0;35;95m  .Rproj.user/24D76CF1/console06/6128D5DE[0m[0K
[0;36;96m#       [0;32;92mnew file[0;36;96m: [0;35;95m  .Rproj.user/24D76CF1/console06/INDEX001[0m[0K
[0;36;96m#       [0;32;92mnew file[0;36;96m: [0;35;95m  .Rproj.user/24D76CF1/sources/s-D8D76F13/lock_file[0m[0K
[0;36;96m#       [0;32;92mnew file[0;36;96m: [0;35;95m  .Rproj.user/shared/notebooks/patch-chunk-names[0m[0K
[0;36;96m#       [0;32;92mnew file[0;36;96m: [0;35;95m  .gitignore[0m[0K
[0;36;96m#       [0;32;92mnew file[0;36;96m: [0;35;95m  Heatmap plotly/AAC20ULLog2.csv[0m[0K
[0;36;96m#       [0;32;92mnew file[0;36;96m: [0;35;95m  Heatmap plotly/CoA_propionyl.txt[0m[0K
[0;36;96m#       [0;32;92mnew file[0;36;96m: [0;35;95m  Heatmap plotly/Exemple.txt[0m[0K
[0;36;96m#       [0;32;92mnew file[0;36;96m: [0;35;95m  Heatmap plotly/Exemple.xlsx[0m[0K
[0;36;96m#       [0;32;92mnew file[0;36;96m: [0;35;95m  Heatmap plotly/Heatmap.html[0m[0K
[0;36;96m#       [0;32;92mnew file[0;36;96m: [0;35;95m  Heatmap plotly/Rplot.jpeg[0m[0K
[0;36;96m#       [0;32;92mnew file[0;36;96m: [0;35;95m  Heatmap plotly/heatmap.pdf[0m[0K
[0;36;96m#       [0;32;92mnew file[0;36;96m: [0;35;95m  Heatmap plotly/heatmaplotly.R[0m[0K
[0;36;96m#       [0;32;92mnew file[0;36;96m: [0;35;95m  Heatmap plotly/heatmaplotly.zip[0m[0K
[0;36;96m#       [0;32;92mnew file[0;36;96m: [0;35;95m  Heatmap plotly/test.png[0m[0K
[0;36;96m#       [0;32;92mnew file[0;36;96m: [0;35;95m  Heatmap plotly/tst.html[0m[0K
[0;36;96m#       [0;32;92mnew file[0;36;96m: [0;35;95m  Heatmap/ALLIP.txt[0m[0K
[0;36;96m#       [0;32;92mnew file[0;36;96m: [0;35;95m  Heatmap/Exemple.csv[0m[0K
[0;36;96m#       [0;32;92mnew file[0;36;96m: [0;35;95m  Heatmap/Script_heatmap.R[0m[0K
[0;36;96m#       [0;32;92mnew file[0;36;96m: [0;35;95m  Heatmap2/CoA_propionyl.txt[0m[0K
[0;36;96m#       [0;32;92mnew file[0;36;96m: [0;35;95m  Heatmap2/Exemple.csv[0m[0K
[0;36;96m#       [0;32;92mnew file[0;36;96m: [0;35;95m  Heatmap2/Heatmap2.R[0m[0K
[0;36;96m#       [0;32;92mnew file[0;36;96m: [0;35;95m  Heatmap2/M9.txt[0m[0K
[0;36;96m#       [0;32;92mnew file[0;36;96m: [0;35;95m  Heatmap2/M9iso.txt[0m[0K
[0;36;96m#       [0;32;92mnew file[0;36;96m: [0;35;95m  Heatmap2/M9isopro.txt[0m[0K
[0;36;96m#       [0;32;92mnew file[0;36;96m: [0;35;95m  Heatmap2/M9tot.txt[0m[0K
[0;36;96m#       [0;32;92mnew file[0;36;96m: [0;35;95m  Heatmap2/Papier_BCAA.R[0m[0K
[0;36;96m#       [0;32;92mnew file[0;36;96m: [0;35;95m  Heatmap2/Rplot.pdf[0m[0K
[0;36;96m#       [0;32;92mnew file[0;36;96m: [0;35;95m  Heatmap2/file.pdf[0m[0K
[0;36;96m#       [0;32;92mnew file[0;36;96m: [0;35;95m  Heatmap2/heatmap.pdf[0m[0K
[0;36;96m#       [0;32;92mnew file[0;36;96m: [0;35;95m  Heatmap3/Exemple.csv[0m[0K
[0;36;96m#       [0;32;92mnew file[0;36;96m: [0;35;95m  Heatmap3/Heatmap3.R[0m[0K
[0;36;96m#[0m[0K
[0;36;96m# [0;34;94mChanges not staged for commit:[0m[0K
[0;36;96m#       [0;32;92mmodified[0;36;96m: [0;35;95m  .Rproj.user/24D76CF1/console06/6128D5DE[0m[0K
[0;36;96m#[0m[0K
[0;34;94m~[0K
~[0K
~[0K
~[0K
~[0K
~[0K
~[0K
~[0K
~[0K
~[0K
~[0K
[0;7m~/Documents/Labo/Données/Script/Heatmap/.git/COMMIT_EDITMSG [+] [unix] (14:21 12/04/2018)                           1 1,14All[0m[0K
[0;1m-- INSERT --[0m[0K[59A[14G[?25h[?25l[0;33;93mInitial commit[0m[0K
[0;36;96m# Please enter the commit message for your changes. Lines starting[0m[0K
[0;36;96m# with '#' will be ignored, and an empty message aborts the commit.[0m[0K
[0;36;96m#[0m[0K
[0;36;96m# [0;34;94mCommitter:[0;36;96m Mickael Dinclaux <dinclaux@insat.insa-toulouse.fr>[0m[0K
[0;36;96m#[0m[0K
[0;36;96m# On branch [0;31;91mmaster[0m[0K
[0;36;96m#[0m[0K
[0;36;96m# Initial commit[0m[0K
[0;36;96m#[0m[0K
[0;36;96m# [0;34;94mChanges to be committed:[0m[0K
[0;36;96m#       [0;32;92mnew file[0;36;96m: [0;35;95m  .Rproj.user/24D76CF1/console06/6128D5DE[0m[0K
[0;36;96m#       [0;32;92mnew file[0;36;96m: [0;35;95m  .Rproj.user/24D76CF1/console06/INDEX001[0m[0K
[0;36;96m#       [0;32;92mnew file[0;36;96m: [0;35;95m  .Rproj.user/24D76CF1/sources/s-D8D76F13/lock_file[0m[0K
[0;36;96m#       [0;32;92mnew file[0;36;96m: [0;35;95m  .Rproj.user/shared/notebooks/patch-chunk-names[0m[0K
[0;36;96m#       [0;32;92mnew file[0;36;96m: [0;35;95m  .gitignore[0m[0K
[0;36;96m#       [0;32;92mnew file[0;36;96m: [0;35;95m  Heatmap plotly/AAC20ULLog2.csv[0m[0K
[0;36;96m#       [0;32;92mnew file[0;36;96m: [0;35;95m  Heatmap plotly/CoA_propionyl.txt[0m[0K
[0;36;96m#       [0;32;92mnew file[0;36;96m: [0;35;95m  Heatmap plotly/Exemple.txt[0m[0K
[0;36;96m#       [0;32;92mnew file[0;36;96m: [0;35;95m  Heatmap plotly/Exemple.xlsx[0m[0K
[0;36;96m#       [0;32;92mnew file[0;36;96m: [0;35;95m  Heatmap plotly/Heatmap.html[0m[0K
[0;36;96m#       [0;32;92mnew file[0;36;96m: [0;35;95m  Heatmap plotly/Rplot.jpeg[0m[0K
[0;36;96m#       [0;32;92mnew file[0;36;96m: [0;35;95m  Heatmap plotly/heatmap.pdf[0m[0K
[0;36;96m#       [0;32;92mnew file[0;36;96m: [0;35;95m  Heatmap plotly/heatmaplotly.R[0m[0K
[0;36;96m#       [0;32;92mnew file[0;36;96m: [0;35;95m  Heatmap plotly/heatmaplotly.zip[0m[0K
[0;36;96m#       [0;32;92mnew file[0;36;96m: [0;35;95m  Heatmap plotly/test.png[0m[0K
[0;36;96m#       [0;32;92mnew file[0;36;96m: [0;35;95m  Heatmap plotly/tst.html[0m[0K
[0;36;96m#       [0;32;92mnew file[0;36;96m: [0;35;95m  Heatmap/ALLIP.txt[0m[0K
[0;36;96m#       [0;32;92mnew file[0;36;96m: [0;35;95m  Heatmap/Exemple.csv[0m[0K
[0;36;96m#       [0;32;92mnew file[0;36;96m: [0;35;95m  Heatmap/Script_heatmap.R[0m[0K
[0;36;96m#       [0;32;92mnew file[0;36;96m: [0;35;95m  Heatmap2/CoA_propionyl.txt[0m[0K
[0;36;96m#       [0;32;92mnew file[0;36;96m: [0;35;95m  Heatmap2/Exemple.csv[0m[0K
[0;36;96m#       [0;32;92mnew file[0;36;96m: [0;35;95m  Heatmap2/Heatmap2.R[0m[0K
[0;36;96m#       [0;32;92mnew file[0;36;96m: [0;35;95m  Heatmap2/M9.txt[0m[0K
[0;36;96m#       [0;32;92mnew file[0;36;96m: [0;35;95m  Heatmap2/M9iso.txt[0m[0K
[0;36;96m#       [0;32;92mnew file[0;36;96m: [0;35;95m  Heatmap2/M9isopro.txt[0m[0K
[0;36;96m#       [0;32;92mnew file[0;36;96m: [0;35;95m  Heatmap2/M9tot.txt[0m[0K
[0;36;96m#       [0;32;92mnew file[0;36;96m: [0;35;95m  Heatmap2/Papier_BCAA.R[0m[0K
[0;36;96m#       [0;32;92mnew file[0;36;96m: [0;35;95m  Heatmap2/Rplot.pdf[0m[0K
[0;36;96m#       [0;32;92mnew file[0;36;96m: [0;35;95m  Heatmap2/file.pdf[0m[0K
[0;36;96m#       [0;32;92mnew file[0;36;96m: [0;35;95m  Heatmap2/heatmap.pdf[0m[0K
[0;36;96m#       [0;32;92mnew file[0;36;96m: [0;35;95m  Heatmap3/Exemple.csv[0m[0K
[0;36;96m#       [0;32;92mnew file[0;36;96m: [0;35;95m  Heatmap3/Heatmap3.R[0m[0K
[0;36;96m#[0m[0K
[0;36;96m# [0;34;94mChanges not staged for commit:[0m[0K
[0;36;96m#       [0;32;92mmodified[0;36;96m: [0;35;95m  .Rproj.user/24D76CF1/console06/6128D5DE[0m[0K
[0;36;96m#[0m[0K
[0;34;94m~[0K
~[0K
~[0K
~[0K
~[0K
~[0K
~[0K
~[0K
~[0K
~[0K
~[0K
[0;7m~/Documents/Labo/Données/Script/Heatmap/.git/COMMIT_EDITMSG [+] [unix] (14:21 12/04/2018)                           1 1,15All[0m[0K
[0;1m-- INSERT --[0m[0K[59A[15G[?25h[6n[?25l


























































                                                                                                                   ^[[0K[59A[14G[?25h[?25l

























































[0;7m~/Documents/Labo/Données/Script/Heatmap/.git/COMMIT_EDITMSG [+] [unix] (14:21 12/04/2018)                           1 1,14All[0m[0K
[0K[59A[14G[?25h[?25l


























































:[0K[?25hw[0Kq[0K[?25l"D:/Users/dinclaux/Documents/Labo/Données/Script/Heatmap/.git/COMMIT_EDITMSG"[0K[?25h[?25l<:/Users/dinclaux/Documents/Labo/Données/Script/Heatmap/.git/COMMIT_EDITMSG" [converted][unix] 47L, 1651C written[0K[?25h[?25l[59AMicrosoft Windows [version 6.1.7601][0K
Copyright (c) 2009 Microsoft Corporation. Tous droits réservés.[0K
[0K
D:\Users\dinclaux\Documents\Labo\Données\Script\Heatmap>git remote add origin https://lisbp.fr/scm/dinclaux/Heatmap.git[0K
fatal: Not a git repository (or any of the parent directories): .git[0K
[0K
D:\Users\dinclaux\Documents\Labo\Données\Script\Heatmap>touch README.md[0K
'touch' n’est pas reconnu en tant que commande interne[0K
ou externe, un programme exécutable ou un fichier de commandes.[0K
[0K
D:\Users\dinclaux\Documents\Labo\Données\Script\Heatmap>git init[0K
Initialized empty Git repository in D:/Users/dinclaux/Documents/Labo/Données/Script/Heatmap/.git/[0K
[0K
D:\Users\dinclaux\Documents\Labo\Données\Script\Heatmap>git add README.md[0K
fatal: pathspec 'README.md' did not match any files[0K
[0K
D:\Users\dinclaux\Documents\Labo\Données\Script\Heatmap>git commit -m "first commit"[0K
On branch master[0K
[0K
Initial commit[0K
[0K
Untracked files:[0K
        [0;31m.Rproj.user/[0m[0K
        [0;31mHeatmap plotly/[0m[0K
        [0;31mHeatmap.Rproj[0m[0K
        [0;31mHeatmap/[0m[0K
        [0;31mHeatmap2/[0m[0K
        [0;31mHeatmap3/[0m[0K
[0K
nothing added to commit but untracked files present[0K
[0K
D:\Users\dinclaux\Documents\Labo\Données\Script\Heatmap>git remote add origin https://lisbp.fr/scm/dinclaux/Heatmap.git[0K
[0K
D:\Users\dinclaux\Documents\Labo\Données\Script\Heatmap>git push -u origin master[0K
error: src refspec master does not match any.[0K
error: failed to push some refs to 'https://lisbp.fr/scm/dinclaux/Heatmap.git'[0K
[0K
D:\Users\dinclaux\Documents\Labo\Données\Script\Heatmap>git status[0K
On branch master[0K
[0K
No commits yet[0K
[0K
Untracked files:[0K
  (use "git add <file>..." to include in what will be committed)[0K
[0K
        [0;31m.Rproj.user/[0m[0K
        [0;31m.gitignore[0m[0K
        [0;31mHeatmap plotly/[0m[0K
        [0;31mHeatmap/[0m[0K
        [0;31mHeatmap2/[0m[0K
        [0;31mHeatmap3/[0m[0K
[0K
nothing added to commit but untracked files present (use "git add" to track)[0K
[0K
D:\Users\dinclaux\Documents\Labo\Données\Script\Heatmap>git add .[0K
[0K
D:\Users\dinclaux\Documents\Labo\Données\Script\Heatmap>git commit[0K
[0K
[0K
[0K[2A[?25h]0; [master (root-commit) 96ca972] Initial commit[0K[?25l
 Committer: Mickael Dinclaux <dinclaux@insat.insa-toulouse.fr>[0K
Your name and email address were configured automatically based[0K
on your username and hostname. Please check that they are accurate.[0K
You can suppress this message by setting them explicitly:[0K
[0K
    git config --global user.name "Your Name"[0K
    git config --global user.email you@example.com[0K
[0K
After doing this, you may fix the identity used for this commit with:[0K
[0K
    git commit --amend --reset-author[0K
[0K
 32 files changed, 822 insertions(+)[0K
 create mode 100644 .Rproj.user/24D76CF1/console06/6128D5DE[0K
 create mode 100644 .Rproj.user/24D76CF1/console06/INDEX001[0K
 create mode 100644 .Rproj.user/24D76CF1/sources/s-D8D76F13/lock_file[0K
 create mode 100644 .Rproj.user/shared/notebooks/patch-chunk-names[0K
 create mode 100644 .gitignore[0K
 create mode 100644 Heatmap plotly/AAC20ULLog2.csv[0K
 create mode 100644 Heatmap plotly/CoA_propionyl.txt[0K
 create mode 100644 Heatmap plotly/Exemple.txt[0K
 create mode 100644 Heatmap plotly/Exemple.xlsx[0K
 create mode 100644 Heatmap plotly/Heatmap.html[0K
 create mode 100644 Heatmap plotly/Rplot.jpeg[0K
 create mode 100644 Heatmap plotly/heatmap.pdf[0K
 create mode 100644 Heatmap plotly/heatmaplotly.R[0K
 create mode 100644 Heatmap plotly/heatmaplotly.zip[0K
 create mode 100644 Heatmap plotly/test.png[0K
 create mode 100644 Heatmap plotly/tst.html[0K
 create mode 100644 Heatmap/ALLIP.txt[0K
 create mode 100644 Heatmap/Exemple.csv[0K
 create mode 100644 Heatmap/Script_heatmap.R[0K
 create mode 100644 Heatmap2/CoA_propionyl.txt[0K
 create mode 100644 Heatmap2/Exemple.csv[0K
 create mode 100644 Heatmap2/Heatmap2.R[0K
 create mode 100644 Heatmap2/M9.txt[0K
 create mode 100644 Heatmap2/M9iso.txt[0K
 create mode 100644 Heatmap2/M9isopro.txt[0K
 create mode 100644 Heatmap2/M9tot.txt[0K
 create mode 100644 Heatmap2/Papier_BCAA.R[0K
 create mode 100644 Heatmap2/Rplot.pdf[0K
 create mode 100644 Heatmap2/file.pdf[0K
 create mode 100644 Heatmap2/heatmap.pdf[0K
 create mode 100644 Heatmap3/Exemple.csv[0K
 create mode 100644 Heatmap3/Heatmap3.R[0K
[0K
D:\Users\dinclaux\Documents\Labo\Données\Script\Heatmap>[0K[?25hg[0Ki[0Kt[0K[61G[?25lD:\Users\dinclaux\Documents\Labo\Données\Script\Heatmap>git p[0K[?25hu[0Ks[0Kh[0K[?25l
[0K[?25h]0;  - git  push]0; fatal: The current branch master has no upstream branch.[0K[?25l
To push the current branch and set the remote as upstream, use[0K
[0K
    git push --set-upstream origin master[0K
[0K
[0K
D:\Users\dinclaux\Documents\Labo\Données\Script\Heatmap>[0K[?25h^V[0K[?25lD:\Users\dinclaux\Documents\Labo\Données\Script\Heatmap>[0K[?25hgit push -u origin master[0K]0;  - git  push -u origin master[?25l
[0K[?25hCounting objects: 41, done.[0K[?25l
Delta compression using up to 4 threads.[0K
Compressing objects:  25% (9/35)[0K[2G[?25h[?25lCompressing objects:  37% (13/35)[0K[1G[?25h[?25lCompressing objects:  40% (14/35)[0K[1G[?25h[?25lCompressing objects:  42% (15/35)[0K[1G[?25h[?25lCompressing objects:  54% (19/35)[0K[1G[?25hCompressing objects: 100% (35/35), done.[0K[?25l
Writing objects:  43% (18/41)[0K[1G[?25h[?25lWriting objects:  46% (19/41)[0K[1G[?25h[?25lWriting objects:  58% (24/41)[0K[1G[?25hWriting objects: 100% (41/41), 2.08 MiB | 5.03 MiB/s, done.[0K[?25l
Total 41 (delta 5), reused 0 (delta 0)[0K
[0K[?25hTo https://lisbp.fr/scm/dinclaux/Heatmap.git[0K[?25l
 * [new branch]      master -> master[0K
[0K[?25hBranch 'master' set up to track remote branch 'master' from 'origin'.[0K[?25l
[0K[?25h]0; [?25l
D:\Users\dinclaux\Documents\Labo\Données\Script\Heatmap>[0K[?25hg[0Ki[0Kt[0K[61G[?25lD:\Users\dinclaux\Documents\Labo\Données\Script\Heatmap>git s[0K[?25ht[0Ka[0Kt[0Ku[0Ks[0K[?25l
[0K[?25h]0;  - git  status]0; On branch master[0K[?25l
Your branch is up to date with 'origin/master'.[0K
[0K
Changes not staged for commit:[0K
  (use "git add <file>..." to update what will be committed)[0K
  (use "git checkout -- <file>..." to discard changes in working directory)[0K
[0K
        [0;31mmodified:   .Rproj.user/24D76CF1/console06/6128D5DE[0m[0K
[0K
no changes added to commit (use "git add" and/or "git commit -a")[0K
[0K
D:\Users\dinclaux\Documents\Labo\Données\Script\Heatmap>[0K[?25hg[0Ki[0Kt[0K[61G[?25lD:\Users\dinclaux\Documents\Labo\Données\Script\Heatmap>git s[0K[?25ht[0Ka[0Kt[0Ku[0Ks[0K]0;  - git  status[?25l
[0K[?25h]0; On branch master[0K[?25l
Your branch is up to date with 'origin/master'.[0K
[0K
Changes not staged for commit:[0K
  (use "git add <file>..." to update what will be committed)[0K
  (use "git checkout -- <file>..." to discard changes in working directory)[0K
[0K
        [0;31mmodified:   .Rproj.user/24D76CF1/console06/6128D5DE[0m[0K
        [0;31mmodified:   .gitignore[0m[0K
[0K
no changes added to commit (use "git add" and/or "git commit -a")[0K
[0K
D:\Users\dinclaux\Documents\Labo\Données\Script\Heatmap>[0K[?25hg[0Ki[0Kt[0K[61G[?25lD:\Users\dinclaux\Documents\Labo\Données\Script\Heatmap>git a[0K[?25hd[0Kd[0K[65G[?25lD:\Users\dinclaux\Documents\Labo\Données\Script\Heatmap>git add .[0K[?25h]0;  - git  add .[?25l
[0K[?25h]0; [?25l
D:\Users\dinclaux\Documents\Labo\Données\Script\Heatmap>[0K[?25hg[0Ki[0Kt[0K[?25lD:\Users\dinclaux\Documents\Labo\Données\Script\Heatmap>gi[0K[?25h[?25lD:\Users\dinclaux\Documents\Labo\Données\Script\Heatmap>g[0K[?25h[?25lD:\Users\dinclaux\Documents\Labo\Données\Script\Heatmap>[0K[?25hg[0Ki[0Kt[0K[61G[?25lD:\Users\dinclaux\Documents\Labo\Données\Script\Heatmap>git p[0K[?25hu[0Ks[0Kh[0K]0;  - git  push[?25l
[0K[?25h]0; Everything up-to-date[0K[?25l
[0K
D:\Users\dinclaux\Documents\Labo\Données\Script\Heatmap>[0K[?25hg[0Ki[0Kt[0K[61G[?25lD:\Users\dinclaux\Documents\Labo\Données\Script\Heatmap>git s[0K[?25ha[0Kt[0Ka[0K[?25lD:\Users\dinclaux\Documents\Labo\Données\Script\Heatmap>git sat[0K[?25h[?25lD:\Users\dinclaux\Documents\Labo\Données\Script\Heatmap>git sa[0K[?25h[?25lD:\Users\dinclaux\Documents\Labo\Données\Script\Heatmap>git s[0K[?25h[?25lD:\Users\dinclaux\Documents\Labo\Données\Script\Heatmap>git[0K[61G[?25h[?25lD:\Users\dinclaux\Documents\Labo\Données\Script\Heatmap>git s[0K[?25ht[0Ka[0Kt[0Ku[0Ks[0K]0;  - git  status[?25l
[0K[?25h]0; On branch master[0K[?25l
Your branch is up to date with 'origin/master'.[0K
[0K
Changes to be committed:[0K
  (use "git reset HEAD <file>..." to unstage)[0K
[0K
        [0;32mmodified:   .Rproj.user/24D76CF1/console06/6128D5DE[0m[0K
        [0;32mmodified:   .gitignore[0m[0K
[0K
Changes not staged for commit:[0K
  (use "git add <file>..." to update what will be committed)[0K
  (use "git checkout -- <file>..." to discard changes in working directory)[0K
[0K
        [0;31mmodified:   .Rproj.user/24D76CF1/console06/6128D5DE[0m[0K
[0K
[0K
D:\Users\dinclaux\Documents\Labo\Données\Script\Heatmap>[0K[?25hg[0Ki[0Kt[0K[61G[?25lD:\Users\dinclaux\Documents\Labo\Données\Script\Heatmap>git s[0K[?25ht[0Ka[0Kt[0Ku[0Ks[0K]0;  - git  status[?25l
[0K[?25hOn branch master[0K[?25l
Your branch is up to date with 'origin/master'.[0K
[0K
Changes to be committed:[0K
  (use "git reset HEAD <file>..." to unstage)[0K
[0K
        [0;32mmodified:   .Rproj.user/24D76CF1/console06/6128D5DE[0m[0K
        [0;32mmodified:   .gitignore[0m[0K
[0K
Changes not staged for commit:[0K
  (use "git add <file>..." to update what will be committed)[0K
  (use "git checkout -- <file>..." to discard changes in working directory)[0K
[0K
        [0;31mmodified:   .Rproj.user/24D76CF1/console06/6128D5DE[0m[0K
[0K
[0K[?25h]0; [?25l
D:\Users\dinclaux\Documents\Labo\Données\Script\Heatmap>[0K[?25hg[0Ki[0Kt[0K[61G[?25lD:\Users\dinclaux\Documents\Labo\Données\Script\Heatmap>git a[0K[?25hd[0Kd[0K[65G[?25lD:\Users\dinclaux\Documents\Labo\Données\Script\Heatmap>git add .[0K[?25h]0;  - git  add .[?25l
[0K[?25h